Info    2026-01-19 15:50:42:376  DevID:MV-EB435i(00DA6451333)  Source-Line:libMvCameraControl.so(U3VDevice.cpp-L0116)  ProcessName:python3.8(61405)     Description:[Init][U3V Info]Speed[0x210], DeviceAddress[0], VendorName[Hikrobot], ManufacturerInfo[Hikrobot], DeviceVersion[V1.2.0 250305 1498805], UserID[MV-EB435i
]
Info    2026-01-19 15:50:42:376  DevID:MV-EB435i(00DA6451333)  Source-Line:libMvCameraControl.so(MediaProcess.cpp-L0882)  ProcessName:python3.8(61405)     Description:[SetBayerCvtQuality]Set Bayer CvtQuality success! BayerCvtQuality[1]
Info    2026-01-19 15:50:42:376  DevID:MV-EB435i(00DA6451333)  Source-Line:libMvCameraControl.so(MediaProcess.cpp-L1734)  ProcessName:python3.8(61405)     Description:[SetBayerThreadNum]Set Bayer Thread Num success! BayerThreadNum[2]
Info    2026-01-19 15:50:42:376  DevID:MV-EB435i(00DA6451333)  Source-Line:libMvCameraControl.so(MediaProcess.cpp-L0882)  ProcessName:python3.8(61405)     Description:[SetBayerCvtQuality]Set Bayer CvtQuality success! BayerCvtQuality[1]
Info    2026-01-19 15:50:42:376  DevID:MV-EB435i(00DA6451333)  Source-Line:libMvCameraControl.so(MediaProcess.cpp-L1734)  ProcessName:python3.8(61405)     Description:[SetBayerThreadNum]Set Bayer Thread Num success! BayerThreadNum[2]
Info    2026-01-19 15:50:42:376  DevID:MV-EB435i(00DA6451333)  Source-Line:libMvCameraControl.so(U3VDevice.cpp-L0667)  ProcessName:python3.8(61405)     Description:[IsValidVersion]CamCtrl[0x4050003], U3V SDKVersion[0x4050003], DriverVersion[0x0]
Info    2026-01-19 15:50:42:910  DevID:MV-EB435i(00DA6451333)  Source-Line:libMvCameraControl.so(U3VDevice.cpp-L0636)  ProcessName:python3.8(61405)     Description:[GetGenICamXML]Get XML success!
Info    2026-01-19 15:50:42:910  DevID:MV-EB435i(00DA6451333)  Source-Line:libMvCameraControl.so(U3VDevice.cpp-L0873)  ProcessName:python3.8(61405)     Description:[OpenDevice]Get GenICamXML len [0xce331] Type[1]
Info    2026-01-19 15:50:43:037  DevID:MV-EB435i(00DA6451333)  Source-Line:libMvCameraControl.so(U3VDevice.cpp-L1091)  ProcessName:python3.8(61405)     Description:[SetTransferSize]Set Transfer Size success! TransferSize[1048576]
Info    2026-01-19 15:50:43:037  DevID:MV-EB435i(00DA6451333)  Source-Line:libMvCameraControl.so(U3VDevice.cpp-L1147)  ProcessName:python3.8(61405)     Description:[SetStreamPayloadTimeout]Set StreamPayload Timeout success! StreamPayloadTimeout[50]
Info    2026-01-19 15:50:43:037  DevID:MV-EB435i(00DA6451333)  Source-Line:libMvCameraControl.so(U3VDevice.cpp-L1175)  ProcessName:python3.8(61405)     Description:[SetSIControlRegTimeout]Set nSIControlReg Timeout success! nSIControlRegTimeout[30]
Info    2026-01-19 15:50:43:037  DevID:MV-EB435i(00DA6451333)  Source-Line:libMvCameraControl.so(U3VDevice.cpp-L1203)  ProcessName:python3.8(61405)     Description:[SetSyncTimeout]Set sync Timeout success! nSyncTimeout[1000]
Info    2026-01-19 15:50:43:040  DevID:MV-EB435i(00DA6451333)  Source-Line:libMvCameraControl.so(GenICamImpl.cpp-L0679)  ProcessName:python3.8(61405)     Description:[InvalidateNodes]Invalidate Nodes success
Info    2026-01-19 15:50:43:040  DevID:MV-EB435i(00DA6451333)  Source-Line:libMvCameraControl.so(U3VDevice.cpp-L0913)  ProcessName:python3.8(61405)     Description:[OpenDevice]Invalidate Nodes success
Info    2026-01-19 15:50:43:041  DevID:MV-EB435i(00DA6451333)  Source-Line:libMvCameraControl.so(U3VDevice.cpp-L0925)  ProcessName:python3.8(61405)     Description:[OpenDevice]Open device success! PrivilegeMode[1], SwitchoverKey[0], DeviceUptime[167109],DeviceFirmwareVersion[V1.2.0 250305,0]
Info    2026-01-19 15:50:43:041  DevID:MV-EB435i(00DA6451333)  Source-Line:libMvCameraControl.so(MediaProcess.cpp-L0882)  ProcessName:python3.8(61405)     Description:[SetBayerCvtQuality]Set Bayer CvtQuality success! BayerCvtQuality[1]
Info    2026-01-19 15:50:43:041  DevID:MV-EB435i(00DA6451333)  Source-Line:libMvCameraControl.so(MediaProcess.cpp-L1734)  ProcessName:python3.8(61405)     Description:[SetBayerThreadNum]Set Bayer Thread Num success! BayerThreadNum[2]
Info    2026-01-19 15:50:43:041  DevID:MV-EB435i(00DA6451333)  Source-Line:libMvCameraControl.so(U3VDevice.cpp-L0938)  ProcessName:python3.8(61405)     Description:[OpenDevice]OpenDevice, cost time 665.000000ms 
Info    2026-01-19 15:50:43:041  DevID:MV-EB435i(00DA6451333)  Source-Line:libMvCameraControl.so(StreamGrab.cpp-L1010)  ProcessName:python3.8(61405)     Description:[SetImageNodeNum]Set ImageNode Num success! NodeNum[5]
Info    2026-01-19 15:50:43:041  DevID:  Source-Line:libMvCameraControl.so(GenICamImpl.cpp-L2091)  ProcessName:python3.8(61405)     Description:[RecordThread]RecordThread Start, ThreadId[-771770624]
Error   2026-01-19 15:50:43:051  DevID:MV-EB435i(00DA6451333)  Source-Line:libMvCameraControl.so(GenICamImpl.cpp-L0926)  ProcessName:python3.8(61405)     Description:[XML_GetNodeInterfaceType]PropertyName[DeviceRGBCorrectionEnable], Ret[0x80000100]
Error   2026-01-19 15:50:43:051  DevID:MV-EB435i(00DA6451333)  Source-Line:libMvCameraControl.so(GenICamImpl.cpp-L0900)  ProcessName:python3.8(61405)     Description:[XML_GetNodeAccessMode]PropertyName[DepthRectifyEnable], Ret[0x80000100]
Error   2026-01-19 15:50:43:051  DevID:MV-EB435i(00DA6451333)  Source-Line:libMvCameraControl.so(GenICamImpl.cpp-L0900)  ProcessName:python3.8(61405)     Description:[XML_GetNodeAccessMode]PropertyName[DepthToRgbEnable], Ret[0x80000100]
Error   2026-01-19 15:50:43:051  DevID:MV-EB435i(00DA6451333)  Source-Line:libMvCameraControl.so(GenICamImpl.cpp-L0900)  ProcessName:python3.8(61405)     Description:[XML_GetNodeAccessMode]PropertyName[IFCalibTimeMsHigh], Ret[0x80000100]
Info    2026-01-19 15:50:43:051  DevID:MV-EB435i(00DA6451333)  Source-Line:libMvCameraControl.so(U3VDevice.cpp-L1332)  ProcessName:python3.8(61405)     Description:[SetSyncTimeOut]Set SyncTimeOut success! Mills[10000]
Info    2026-01-19 15:50:43:057  DevID:MV-EB435i(00DA6451333)  Source-Line:libMvCameraControl.so(GenICamImpl.cpp-L2253)  ProcessName:python3.8(61405)     Description:[RecordThreadProc][Record] Get PixelFormat value [17825976] :
Info    2026-01-19 15:50:43:058  DevID:MV-EB435i(00DA6451333)  Source-Line:libMvCameraControl.so(GenICamImpl.cpp-L2302)  ProcessName:python3.8(61405)     Description:[RecordThreadProc][Record] Get UserSetCurrent value [1]
Info    2026-01-19 15:50:43:059  DevID:MV-EB435i(00DA6451333)  Source-Line:libMvCameraControl.so(GenICamImpl.cpp-L2318)  ProcessName:python3.8(61405)     Description:[RecordThreadProc][Record] Get UserSetSelector value [1] 
Info    2026-01-19 15:50:43:060  DevID:MV-EB435i(00DA6451333)  Source-Line:libMvCameraControl.so(GenICamImpl.cpp-L2334)  ProcessName:python3.8(61405)     Description:[RecordThreadProc][Record] Get UserSetDefault value[1]
Info    2026-01-19 15:50:43:060  DevID:  Source-Line:libMvCameraControl.so(GenICamImpl.cpp-L2096)  ProcessName:python3.8(61405)     Description:[RecordThread]RecordThread End, ThreadId[-771770624]
Error   2026-01-19 15:50:43:065  DevID:MV-EB435i(00DA6451333)  Source-Line:libMvCameraControl.so(XmlParse.cpp-L2595)  ProcessName:python3.8(61405)     Description:[SetEnumValue]Get Node Value, Node does not exist, NodeName[RGBDAlignCoord]
Error   2026-01-19 15:50:43:065  DevID:MV-EB435i(00DA6451333)  Source-Line:libMvCameraControl.so(GenICamImpl.cpp-L0323)  ProcessName:python3.8(61405)     Description:[SetEnumValue]Property[RGBDAlignCoord], Value[1], Ret[0x80000100]
Error   2026-01-19 15:50:43:088  DevID:MV-EB435i(00DA6451333)  Source-Line:libMvCameraControl.so(GenICamImpl.cpp-L0900)  ProcessName:python3.8(61405)     Description:[XML_GetNodeAccessMode]PropertyName[RGBDAlignCoord], Ret[0x80000100]
Error   2026-01-19 15:50:43:089  DevID:MV-EB435i(00DA6451333)  Source-Line:libMvCameraControl.so(GenICamImpl.cpp-L0900)  ProcessName:python3.8(61405)     Description:[XML_GetNodeAccessMode]PropertyName[RGBDAlignCoord], Ret[0x80000100]
Error   2026-01-19 15:50:43:089  DevID:MV-EB435i(00DA6451333)  Source-Line:libMvCameraControl.so(GenICamImpl.cpp-L0900)  ProcessName:python3.8(61405)     Description:[XML_GetNodeAccessMode]PropertyName[SDKInfoURL], Ret[0x80000100]
Info    2026-01-19 15:50:43:175  DevID:MV-EB435i(00DA6451333)  Source-Line:libMvCameraControl.so(GenICamImpl.cpp-L0843)  ProcessName:python3.8(61405)     Description:[FileAccessEx]File Access success!DevFileName[RGBDSensorCali], Mode[1]
Error   2026-01-19 15:50:43:209  DevID:MV-EB435i(00DA6451333)  Source-Line:libMvCameraControl.so(GenICamImpl.cpp-L0900)  ProcessName:python3.8(61405)     Description:[XML_GetNodeAccessMode]PropertyName[NoiseFilterEnable], Ret[0x80000100]
Error   2026-01-19 15:50:43:210  DevID:MV-EB435i(00DA6451333)  Source-Line:libMvCameraControl.so(GenICamImpl.cpp-L0900)  ProcessName:python3.8(61405)     Description:[XML_GetNodeAccessMode]PropertyName[NormalFilterEnable], Ret[0x80000100]
Error   2026-01-19 15:50:43:210  DevID:MV-EB435i(00DA6451333)  Source-Line:libMvCameraControl.so(GenICamImpl.cpp-L0900)  ProcessName:python3.8(61405)     Description:[XML_GetNodeAccessMode]PropertyName[ExtenEnable], Ret[0x80000100]
Error   2026-01-19 15:50:43:210  DevID:MV-EB435i(00DA6451333)  Source-Line:libMvCameraControl.so(GenICamImpl.cpp-L0900)  ProcessName:python3.8(61405)     Description:[XML_GetNodeAccessMode]PropertyName[GapFillEnable], Ret[0x80000100]
Error   2026-01-19 15:50:43:210  DevID:MV-EB435i(00DA6451333)  Source-Line:libMvCameraControl.so(GenICamImpl.cpp-L0900)  ProcessName:python3.8(61405)     Description:[XML_GetNodeAccessMode]PropertyName[RangeFilterEnable], Ret[0x80000100]
Error   2026-01-19 15:50:43:210  DevID:MV-EB435i(00DA6451333)  Source-Line:libMvCameraControl.so(GenICamImpl.cpp-L0900)  ProcessName:python3.8(61405)     Description:[XML_GetNodeAccessMode]PropertyName[HeightExtractEnable], Ret[0x80000100]
Error   2026-01-19 15:50:43:210  DevID:MV-EB435i(00DA6451333)  Source-Line:libMvCameraControl.so(GenICamImpl.cpp-L0900)  ProcessName:python3.8(61405)     Description:[XML_GetNodeAccessMode]PropertyName[RangeTransformEnable], Ret[0x80000100]
Error   2026-01-19 15:50:43:221  DevID:MV-EB435i(00DA6451333)  Source-Line:libMvCameraControl.so(GenICamImpl.cpp-L0900)  ProcessName:python3.8(61405)     Description:[XML_GetNodeAccessMode]PropertyName[PartialImageOutputMode], Ret[0x80000100]
Error   2026-01-19 15:50:43:221  DevID:MV-EB435i(00DA6451333)  Source-Line:libMvCameraControl.so(XmlParse.cpp-L2388)  ProcessName:python3.8(61405)     Description:[GetEnumValue]Get Node Value, Node does not exist, NodeName[PartialImageOutputMode]
Error   2026-01-19 15:50:43:221  DevID:MV-EB435i(00DA6451333)  Source-Line:libMvCameraControl.so(GenICamImpl.cpp-L0297)  ProcessName:python3.8(61405)     Description:[GetEnumValue]Property[PartialImageOutputMode], Ret[0x80000100]
Info    2026-01-19 15:50:43:221  DevID:MV-EB435i(00DA6451333)  Source-Line:libMvCameraControl.so(U3VStream.cpp-L0047)  ProcessName:python3.8(61405)     Description:[StartGrabbing][U3V]Start Grabbing, DeviceUptime[167109]
Info    2026-01-19 15:50:43:284  DevID:MV-EB435i(00DA6451333)  Source-Line:libMvCameraControl.so(StreamGrab.cpp-L0437)  ProcessName:python3.8(61405)     Description:[StartGrabbing]Start grabbing success, There is no registration callback.
Error   2026-01-19 15:50:43:289  DevID:MV-EB435i(00DA6451333)  Source-Line:libMvCameraControl.so(GenICamImpl.cpp-L0900)  ProcessName:python3.8(61405)     Description:[XML_GetNodeAccessMode]PropertyName[RGBDAlignCoord], Ret[0x80000100]
Error   2026-01-19 15:50:43:289  DevID:MV-EB435i(00DA6451333)  Source-Line:libMvCameraControl.so(GenICamImpl.cpp-L0900)  ProcessName:python3.8(61405)     Description:[XML_GetNodeAccessMode]PropertyName[RGBDAlignCoord], Ret[0x80000100]
Warning 2026-01-19 16:28:58:513  DevID:MV-EB435i(00DA6451333)  Source-Line:libMvCameraControl.so(StreamGrab.cpp-L0659)  ProcessName:python3.8(61405)     Description:[GetImageBuffer]Get image failed! Msec[1000], Ret[0x80000007]
Info    2026-01-19 16:28:59:169  DevID:MV-EB435i(00DA6451333)  Source-Line:libMvCameraControl.so(StreamGrab.cpp-L0517)  ProcessName:python3.8(61405)     Description:[StopGrabbing]Stop grabbing success! DeviceUptime[169405]
Info    2026-01-19 16:28:59:169  DevID:MV-EB435i(00DA6451333)  Source-Line:libMvCameraControl.so(U3VDevice.cpp-L0756)  ProcessName:python3.8(61405)     Description:[CloseU3VDevice]Close device begin!
Info    2026-01-19 16:28:59:169  DevID:MV-EB435i(00DA6451333)  Source-Line:libMvCameraControl.so(U3VDevice.cpp-L0769)  ProcessName:python3.8(61405)     Description:[CloseU3VDevice]DeviceUptime[169405]
Info    2026-01-19 16:28:59:171  DevID:MV-EB435i(00DA6451333)  Source-Line:libMvCameraControl.so(U3VDevice.cpp-L0787)  ProcessName:python3.8(61405)     Description:[CloseU3VDevice]Close device success!
Info    2026-01-19 16:54:32:077  DevID:MV-EB435i(00DA6451333)  Source-Line:libMvCameraControl.so(U3VDevice.cpp-L0116)  ProcessName:python3.8(72847)     Description:[Init][U3V Info]Speed[0x210], DeviceAddress[0], VendorName[Hikrobot], ManufacturerInfo[Hikrobot], DeviceVersion[V1.2.0 250305 1498805], UserID[MV-EB435i
]
Info    2026-01-19 16:54:32:077  DevID:MV-EB435i(00DA6451333)  Source-Line:libMvCameraControl.so(MediaProcess.cpp-L0882)  ProcessName:python3.8(72847)     Description:[SetBayerCvtQuality]Set Bayer CvtQuality success! BayerCvtQuality[1]
Info    2026-01-19 16:54:32:077  DevID:MV-EB435i(00DA6451333)  Source-Line:libMvCameraControl.so(MediaProcess.cpp-L1734)  ProcessName:python3.8(72847)     Description:[SetBayerThreadNum]Set Bayer Thread Num success! BayerThreadNum[2]
Info    2026-01-19 16:54:32:077  DevID:MV-EB435i(00DA6451333)  Source-Line:libMvCameraControl.so(MediaProcess.cpp-L0882)  ProcessName:python3.8(72847)     Description:[SetBayerCvtQuality]Set Bayer CvtQuality success! BayerCvtQuality[1]
Info    2026-01-19 16:54:32:077  DevID:MV-EB435i(00DA6451333)  Source-Line:libMvCameraControl.so(MediaProcess.cpp-L1734)  ProcessName:python3.8(72847)     Description:[SetBayerThreadNum]Set Bayer Thread Num success! BayerThreadNum[2]
Info    2026-01-19 16:54:32:078  DevID:MV-EB435i(00DA6451333)  Source-Line:libMvCameraControl.so(U3VDevice.cpp-L0667)  ProcessName:python3.8(72847)     Description:[IsValidVersion]CamCtrl[0x4050003], U3V SDKVersion[0x4050003], DriverVersion[0x0]
Info    2026-01-19 16:54:32:608  DevID:MV-EB435i(00DA6451333)  Source-Line:libMvCameraControl.so(U3VDevice.cpp-L0636)  ProcessName:python3.8(72847)     Description:[GetGenICamXML]Get XML success!
Info    2026-01-19 16:54:32:608  DevID:MV-EB435i(00DA6451333)  Source-Line:libMvCameraControl.so(U3VDevice.cpp-L0873)  ProcessName:python3.8(72847)     Description:[OpenDevice]Get GenICamXML len [0xce331] Type[1]
Info    2026-01-19 16:54:32:723  DevID:MV-EB435i(00DA6451333)  Source-Line:libMvCameraControl.so(U3VDevice.cpp-L1091)  ProcessName:python3.8(72847)     Description:[SetTransferSize]Set Transfer Size success! TransferSize[1048576]
Info    2026-01-19 16:54:32:723  DevID:MV-EB435i(00DA6451333)  Source-Line:libMvCameraControl.so(U3VDevice.cpp-L1147)  ProcessName:python3.8(72847)     Description:[SetStreamPayloadTimeout]Set StreamPayload Timeout success! StreamPayloadTimeout[50]
Info    2026-01-19 16:54:32:723  DevID:MV-EB435i(00DA6451333)  Source-Line:libMvCameraControl.so(U3VDevice.cpp-L1175)  ProcessName:python3.8(72847)     Description:[SetSIControlRegTimeout]Set nSIControlReg Timeout success! nSIControlRegTimeout[30]
Info    2026-01-19 16:54:32:723  DevID:MV-EB435i(00DA6451333)  Source-Line:libMvCameraControl.so(U3VDevice.cpp-L1203)  ProcessName:python3.8(72847)     Description:[SetSyncTimeout]Set sync Timeout success! nSyncTimeout[1000]
Info    2026-01-19 16:54:32:726  DevID:MV-EB435i(00DA6451333)  Source-Line:libMvCameraControl.so(GenICamImpl.cpp-L0679)  ProcessName:python3.8(72847)     Description:[InvalidateNodes]Invalidate Nodes success
Info    2026-01-19 16:54:32:726  DevID:MV-EB435i(00DA6451333)  Source-Line:libMvCameraControl.so(U3VDevice.cpp-L0913)  ProcessName:python3.8(72847)     Description:[OpenDevice]Invalidate Nodes success
Info    2026-01-19 16:54:32:726  DevID:MV-EB435i(00DA6451333)  Source-Line:libMvCameraControl.so(U3VDevice.cpp-L0925)  ProcessName:python3.8(72847)     Description:[OpenDevice]Open device success! PrivilegeMode[1], SwitchoverKey[0], DeviceUptime[170939],DeviceFirmwareVersion[V1.2.0 250305,0]
Info    2026-01-19 16:54:32:726  DevID:MV-EB435i(00DA6451333)  Source-Line:libMvCameraControl.so(MediaProcess.cpp-L0882)  ProcessName:python3.8(72847)     Description:[SetBayerCvtQuality]Set Bayer CvtQuality success! BayerCvtQuality[1]
Info    2026-01-19 16:54:32:726  DevID:MV-EB435i(00DA6451333)  Source-Line:libMvCameraControl.so(MediaProcess.cpp-L1734)  ProcessName:python3.8(72847)     Description:[SetBayerThreadNum]Set Bayer Thread Num success! BayerThreadNum[2]
Info    2026-01-19 16:54:32:727  DevID:MV-EB435i(00DA6451333)  Source-Line:libMvCameraControl.so(U3VDevice.cpp-L0938)  ProcessName:python3.8(72847)     Description:[OpenDevice]OpenDevice, cost time 649.000000ms 
Info    2026-01-19 16:54:32:727  DevID:  Source-Line:libMvCameraControl.so(GenICamImpl.cpp-L2091)  ProcessName:python3.8(72847)     Description:[RecordThread]RecordThread Start, ThreadId[-1915771136]
Info    2026-01-19 16:54:32:727  DevID:MV-EB435i(00DA6451333)  Source-Line:libMvCameraControl.so(StreamGrab.cpp-L1010)  ProcessName:python3.8(72847)     Description:[SetImageNodeNum]Set ImageNode Num success! NodeNum[5]
Info    2026-01-19 16:54:32:732  DevID:MV-EB435i(00DA6451333)  Source-Line:libMvCameraControl.so(GenICamImpl.cpp-L2253)  ProcessName:python3.8(72847)     Description:[RecordThreadProc][Record] Get PixelFormat value [17825976] :
Info    2026-01-19 16:54:32:737  DevID:MV-EB435i(00DA6451333)  Source-Line:libMvCameraControl.so(GenICamImpl.cpp-L2302)  ProcessName:python3.8(72847)     Description:[RecordThreadProc][Record] Get UserSetCurrent value [1]
Info    2026-01-19 16:54:32:740  DevID:MV-EB435i(00DA6451333)  Source-Line:libMvCameraControl.so(GenICamImpl.cpp-L2318)  ProcessName:python3.8(72847)     Description:[RecordThreadProc][Record] Get UserSetSelector value [1] 
Error   2026-01-19 16:54:32:745  DevID:MV-EB435i(00DA6451333)  Source-Line:libMvCameraControl.so(GenICamImpl.cpp-L0926)  ProcessName:python3.8(72847)     Description:[XML_GetNodeInterfaceType]PropertyName[DeviceRGBCorrectionEnable], Ret[0x80000100]
Info    2026-01-19 16:54:32:745  DevID:MV-EB435i(00DA6451333)  Source-Line:libMvCameraControl.so(GenICamImpl.cpp-L2334)  ProcessName:python3.8(72847)     Description:[RecordThreadProc][Record] Get UserSetDefault value[1]
Info    2026-01-19 16:54:32:745  DevID:  Source-Line:libMvCameraControl.so(GenICamImpl.cpp-L2096)  ProcessName:python3.8(72847)     Description:[RecordThread]RecordThread End, ThreadId[-1915771136]
Error   2026-01-19 16:54:32:745  DevID:MV-EB435i(00DA6451333)  Source-Line:libMvCameraControl.so(GenICamImpl.cpp-L0900)  ProcessName:python3.8(72847)     Description:[XML_GetNodeAccessMode]PropertyName[DepthRectifyEnable], Ret[0x80000100]
Error   2026-01-19 16:54:32:745  DevID:MV-EB435i(00DA6451333)  Source-Line:libMvCameraControl.so(GenICamImpl.cpp-L0900)  ProcessName:python3.8(72847)     Description:[XML_GetNodeAccessMode]PropertyName[DepthToRgbEnable], Ret[0x80000100]
Error   2026-01-19 16:54:32:745  DevID:MV-EB435i(00DA6451333)  Source-Line:libMvCameraControl.so(GenICamImpl.cpp-L0900)  ProcessName:python3.8(72847)     Description:[XML_GetNodeAccessMode]PropertyName[IFCalibTimeMsHigh], Ret[0x80000100]
Info    2026-01-19 16:54:32:745  DevID:MV-EB435i(00DA6451333)  Source-Line:libMvCameraControl.so(U3VDevice.cpp-L1332)  ProcessName:python3.8(72847)     Description:[SetSyncTimeOut]Set SyncTimeOut success! Mills[10000]
Error   2026-01-19 16:54:32:753  DevID:MV-EB435i(00DA6451333)  Source-Line:libMvCameraControl.so(XmlParse.cpp-L2595)  ProcessName:python3.8(72847)     Description:[SetEnumValue]Get Node Value, Node does not exist, NodeName[RGBDAlignCoord]
Error   2026-01-19 16:54:32:753  DevID:MV-EB435i(00DA6451333)  Source-Line:libMvCameraControl.so(GenICamImpl.cpp-L0323)  ProcessName:python3.8(72847)     Description:[SetEnumValue]Property[RGBDAlignCoord], Value[1], Ret[0x80000100]
Error   2026-01-19 16:54:32:776  DevID:MV-EB435i(00DA6451333)  Source-Line:libMvCameraControl.so(GenICamImpl.cpp-L0900)  ProcessName:python3.8(72847)     Description:[XML_GetNodeAccessMode]PropertyName[RGBDAlignCoord], Ret[0x80000100]
Error   2026-01-19 16:54:32:776  DevID:MV-EB435i(00DA6451333)  Source-Line:libMvCameraControl.so(GenICamImpl.cpp-L0900)  ProcessName:python3.8(72847)     Description:[XML_GetNodeAccessMode]PropertyName[RGBDAlignCoord], Ret[0x80000100]
Error   2026-01-19 16:54:32:776  DevID:MV-EB435i(00DA6451333)  Source-Line:libMvCameraControl.so(GenICamImpl.cpp-L0900)  ProcessName:python3.8(72847)     Description:[XML_GetNodeAccessMode]PropertyName[SDKInfoURL], Ret[0x80000100]
Info    2026-01-19 16:54:32:863  DevID:MV-EB435i(00DA6451333)  Source-Line:libMvCameraControl.so(GenICamImpl.cpp-L0843)  ProcessName:python3.8(72847)     Description:[FileAccessEx]File Access success!DevFileName[RGBDSensorCali], Mode[1]
Error   2026-01-19 16:54:32:873  DevID:MV-EB435i(00DA6451333)  Source-Line:libMvCameraControl.so(GenICamImpl.cpp-L0900)  ProcessName:python3.8(72847)     Description:[XML_GetNodeAccessMode]PropertyName[NoiseFilterEnable], Ret[0x80000100]
Error   2026-01-19 16:54:32:873  DevID:MV-EB435i(00DA6451333)  Source-Line:libMvCameraControl.so(GenICamImpl.cpp-L0900)  ProcessName:python3.8(72847)     Description:[XML_GetNodeAccessMode]PropertyName[NormalFilterEnable], Ret[0x80000100]
Error   2026-01-19 16:54:32:873  DevID:MV-EB435i(00DA6451333)  Source-Line:libMvCameraControl.so(GenICamImpl.cpp-L0900)  ProcessName:python3.8(72847)     Description:[XML_GetNodeAccessMode]PropertyName[ExtenEnable], Ret[0x80000100]
Error   2026-01-19 16:54:32:873  DevID:MV-EB435i(00DA6451333)  Source-Line:libMvCameraControl.so(GenICamImpl.cpp-L0900)  ProcessName:python3.8(72847)     Description:[XML_GetNodeAccessMode]PropertyName[GapFillEnable], Ret[0x80000100]
Error   2026-01-19 16:54:32:873  DevID:MV-EB435i(00DA6451333)  Source-Line:libMvCameraControl.so(GenICamImpl.cpp-L0900)  ProcessName:python3.8(72847)     Description:[XML_GetNodeAccessMode]PropertyName[RangeFilterEnable], Ret[0x80000100]
Error   2026-01-19 16:54:32:873  DevID:MV-EB435i(00DA6451333)  Source-Line:libMvCameraControl.so(GenICamImpl.cpp-L0900)  ProcessName:python3.8(72847)     Description:[XML_GetNodeAccessMode]PropertyName[HeightExtractEnable], Ret[0x80000100]
Error   2026-01-19 16:54:32:873  DevID:MV-EB435i(00DA6451333)  Source-Line:libMvCameraControl.so(GenICamImpl.cpp-L0900)  ProcessName:python3.8(72847)     Description:[XML_GetNodeAccessMode]PropertyName[RangeTransformEnable], Ret[0x80000100]
Error   2026-01-19 16:54:32:889  DevID:MV-EB435i(00DA6451333)  Source-Line:libMvCameraControl.so(GenICamImpl.cpp-L0900)  ProcessName:python3.8(72847)     Description:[XML_GetNodeAccessMode]PropertyName[PartialImageOutputMode], Ret[0x80000100]
Error   2026-01-19 16:54:32:889  DevID:MV-EB435i(00DA6451333)  Source-Line:libMvCameraControl.so(XmlParse.cpp-L2388)  ProcessName:python3.8(72847)     Description:[GetEnumValue]Get Node Value, Node does not exist, NodeName[PartialImageOutputMode]
Error   2026-01-19 16:54:32:889  DevID:MV-EB435i(00DA6451333)  Source-Line:libMvCameraControl.so(GenICamImpl.cpp-L0297)  ProcessName:python3.8(72847)     Description:[GetEnumValue]Property[PartialImageOutputMode], Ret[0x80000100]
Info    2026-01-19 16:54:32:889  DevID:MV-EB435i(00DA6451333)  Source-Line:libMvCameraControl.so(U3VStream.cpp-L0047)  ProcessName:python3.8(72847)     Description:[StartGrabbing][U3V]Start Grabbing, DeviceUptime[170939]
Info    2026-01-19 16:54:32:952  DevID:MV-EB435i(00DA6451333)  Source-Line:libMvCameraControl.so(StreamGrab.cpp-L0437)  ProcessName:python3.8(72847)     Description:[StartGrabbing]Start grabbing success, There is no registration callback.
Error   2026-01-19 16:54:32:957  DevID:MV-EB435i(00DA6451333)  Source-Line:libMvCameraControl.so(GenICamImpl.cpp-L0900)  ProcessName:python3.8(72847)     Description:[XML_GetNodeAccessMode]PropertyName[RGBDAlignCoord], Ret[0x80000100]
Error   2026-01-19 16:54:32:957  DevID:MV-EB435i(00DA6451333)  Source-Line:libMvCameraControl.so(GenICamImpl.cpp-L0900)  ProcessName:python3.8(72847)     Description:[XML_GetNodeAccessMode]PropertyName[RGBDAlignCoord], Ret[0x80000100]
Warning 2026-01-19 17:09:22:492  DevID:MV-EB435i(00DA6451333)  Source-Line:libMvCameraControl.so(StreamGrab.cpp-L0659)  ProcessName:python3.8(72847)     Description:[GetImageBuffer]Get image failed! Msec[1000], Ret[0x80000007]
Info    2026-01-19 17:09:23:160  DevID:MV-EB435i(00DA6451333)  Source-Line:libMvCameraControl.so(StreamGrab.cpp-L0517)  ProcessName:python3.8(72847)     Description:[StopGrabbing]Stop grabbing success! DeviceUptime[171829]
Info    2026-01-19 17:09:23:160  DevID:MV-EB435i(00DA6451333)  Source-Line:libMvCameraControl.so(U3VDevice.cpp-L0756)  ProcessName:python3.8(72847)     Description:[CloseU3VDevice]Close device begin!
Info    2026-01-19 17:09:23:160  DevID:MV-EB435i(00DA6451333)  Source-Line:libMvCameraControl.so(U3VDevice.cpp-L0769)  ProcessName:python3.8(72847)     Description:[CloseU3VDevice]DeviceUptime[171829]
Info    2026-01-19 17:09:23:162  DevID:MV-EB435i(00DA6451333)  Source-Line:libMvCameraControl.so(U3VDevice.cpp-L0787)  ProcessName:python3.8(72847)     Description:[CloseU3VDevice]Close device success!
Info    2026-01-22 16:29:46:972  DevID:MV-EB435i(00DA6451333)  Source-Line:libMvCameraControl.so(U3VDevice.cpp-L0116)  ProcessName:python3.8(471109)     Description:[Init][U3V Info]Speed[0x310], DeviceAddress[0], VendorName[Hikrobot], ManufacturerInfo[Hikrobot], DeviceVersion[V1.2.0 250305 1498805], UserID[MV-EB435i
]
Info    2026-01-22 16:29:46:972  DevID:MV-EB435i(00DA6451333)  Source-Line:libMvCameraControl.so(MediaProcess.cpp-L0882)  ProcessName:python3.8(471109)     Description:[SetBayerCvtQuality]Set Bayer CvtQuality success! BayerCvtQuality[1]
Info    2026-01-22 16:29:46:972  DevID:MV-EB435i(00DA6451333)  Source-Line:libMvCameraControl.so(MediaProcess.cpp-L1734)  ProcessName:python3.8(471109)     Description:[SetBayerThreadNum]Set Bayer Thread Num success! BayerThreadNum[2]
Info    2026-01-22 16:29:46:972  DevID:MV-EB435i(00DA6451333)  Source-Line:libMvCameraControl.so(MediaProcess.cpp-L0882)  ProcessName:python3.8(471109)     Description:[SetBayerCvtQuality]Set Bayer CvtQuality success! BayerCvtQuality[1]
Info    2026-01-22 16:29:46:972  DevID:MV-EB435i(00DA6451333)  Source-Line:libMvCameraControl.so(MediaProcess.cpp-L1734)  ProcessName:python3.8(471109)     Description:[SetBayerThreadNum]Set Bayer Thread Num success! BayerThreadNum[2]
Info    2026-01-22 16:29:46:972  DevID:MV-EB435i(00DA6451333)  Source-Line:libMvCameraControl.so(U3VDevice.cpp-L0667)  ProcessName:python3.8(471109)     Description:[IsValidVersion]CamCtrl[0x4050003], U3V SDKVersion[0x4050003], DriverVersion[0x0]
Info    2026-01-22 16:29:47:219  DevID:MV-EB435i(00DA6451333)  Source-Line:libMvCameraControl.so(U3VDevice.cpp-L0636)  ProcessName:python3.8(471109)     Description:[GetGenICamXML]Get XML success!
Info    2026-01-22 16:29:47:219  DevID:MV-EB435i(00DA6451333)  Source-Line:libMvCameraControl.so(U3VDevice.cpp-L0873)  ProcessName:python3.8(471109)     Description:[OpenDevice]Get GenICamXML len [0xce331] Type[1]
Info    2026-01-22 16:29:47:349  DevID:MV-EB435i(00DA6451333)  Source-Line:libMvCameraControl.so(U3VDevice.cpp-L1091)  ProcessName:python3.8(471109)     Description:[SetTransferSize]Set Transfer Size success! TransferSize[1048576]
Info    2026-01-22 16:29:47:349  DevID:MV-EB435i(00DA6451333)  Source-Line:libMvCameraControl.so(U3VDevice.cpp-L1147)  ProcessName:python3.8(471109)     Description:[SetStreamPayloadTimeout]Set StreamPayload Timeout success! StreamPayloadTimeout[50]
Info    2026-01-22 16:29:47:349  DevID:MV-EB435i(00DA6451333)  Source-Line:libMvCameraControl.so(U3VDevice.cpp-L1175)  ProcessName:python3.8(471109)     Description:[SetSIControlRegTimeout]Set nSIControlReg Timeout success! nSIControlRegTimeout[30]
Info    2026-01-22 16:29:47:349  DevID:MV-EB435i(00DA6451333)  Source-Line:libMvCameraControl.so(U3VDevice.cpp-L1203)  ProcessName:python3.8(471109)     Description:[SetSyncTimeout]Set sync Timeout success! nSyncTimeout[1000]
Info    2026-01-22 16:29:47:353  DevID:MV-EB435i(00DA6451333)  Source-Line:libMvCameraControl.so(GenICamImpl.cpp-L0679)  ProcessName:python3.8(471109)     Description:[InvalidateNodes]Invalidate Nodes success
Info    2026-01-22 16:29:47:353  DevID:MV-EB435i(00DA6451333)  Source-Line:libMvCameraControl.so(U3VDevice.cpp-L0913)  ProcessName:python3.8(471109)     Description:[OpenDevice]Invalidate Nodes success
Info    2026-01-22 16:29:47:354  DevID:MV-EB435i(00DA6451333)  Source-Line:libMvCameraControl.so(U3VDevice.cpp-L0925)  ProcessName:python3.8(471109)     Description:[OpenDevice]Open device success! PrivilegeMode[1], SwitchoverKey[0], DeviceUptime[28],DeviceFirmwareVersion[V1.2.0 250305,0]
Info    2026-01-22 16:29:47:354  DevID:MV-EB435i(00DA6451333)  Source-Line:libMvCameraControl.so(MediaProcess.cpp-L0882)  ProcessName:python3.8(471109)     Description:[SetBayerCvtQuality]Set Bayer CvtQuality success! BayerCvtQuality[1]
Info    2026-01-22 16:29:47:354  DevID:MV-EB435i(00DA6451333)  Source-Line:libMvCameraControl.so(MediaProcess.cpp-L1734)  ProcessName:python3.8(471109)     Description:[SetBayerThreadNum]Set Bayer Thread Num success! BayerThreadNum[2]
Info    2026-01-22 16:29:47:354  DevID:MV-EB435i(00DA6451333)  Source-Line:libMvCameraControl.so(U3VDevice.cpp-L0938)  ProcessName:python3.8(471109)     Description:[OpenDevice]OpenDevice, cost time 382.000000ms 
Info    2026-01-22 16:29:47:354  DevID:  Source-Line:libMvCameraControl.so(GenICamImpl.cpp-L2091)  ProcessName:python3.8(471109)     Description:[RecordThread]RecordThread Start, ThreadId[490702592]
Info    2026-01-22 16:29:47:354  DevID:MV-EB435i(00DA6451333)  Source-Line:libMvCameraControl.so(StreamGrab.cpp-L1010)  ProcessName:python3.8(471109)     Description:[SetImageNodeNum]Set ImageNode Num success! NodeNum[5]
Info    2026-01-22 16:29:47:359  DevID:MV-EB435i(00DA6451333)  Source-Line:libMvCameraControl.so(GenICamImpl.cpp-L2253)  ProcessName:python3.8(471109)     Description:[RecordThreadProc][Record] Get PixelFormat value [17301505] :
Info    2026-01-22 16:29:47:361  DevID:MV-EB435i(00DA6451333)  Source-Line:libMvCameraControl.so(GenICamImpl.cpp-L2302)  ProcessName:python3.8(471109)     Description:[RecordThreadProc][Record] Get UserSetCurrent value [1]
Info    2026-01-22 16:29:47:362  DevID:MV-EB435i(00DA6451333)  Source-Line:libMvCameraControl.so(GenICamImpl.cpp-L2318)  ProcessName:python3.8(471109)     Description:[RecordThreadProc][Record] Get UserSetSelector value [1] 
Info    2026-01-22 16:29:47:370  DevID:MV-EB435i(00DA6451333)  Source-Line:libMvCameraControl.so(GenICamImpl.cpp-L2334)  ProcessName:python3.8(471109)     Description:[RecordThreadProc][Record] Get UserSetDefault value[1]
Info    2026-01-22 16:29:47:370  DevID:  Source-Line:libMvCameraControl.so(GenICamImpl.cpp-L2096)  ProcessName:python3.8(471109)     Description:[RecordThread]RecordThread End, ThreadId[490702592]
Error   2026-01-22 16:29:47:374  DevID:MV-EB435i(00DA6451333)  Source-Line:libMvCameraControl.so(GenICamImpl.cpp-L0926)  ProcessName:python3.8(471109)     Description:[XML_GetNodeInterfaceType]PropertyName[DeviceRGBCorrectionEnable], Ret[0x80000100]
Error   2026-01-22 16:29:47:374  DevID:MV-EB435i(00DA6451333)  Source-Line:libMvCameraControl.so(GenICamImpl.cpp-L0900)  ProcessName:python3.8(471109)     Description:[XML_GetNodeAccessMode]PropertyName[DepthRectifyEnable], Ret[0x80000100]
Error   2026-01-22 16:29:47:374  DevID:MV-EB435i(00DA6451333)  Source-Line:libMvCameraControl.so(GenICamImpl.cpp-L0900)  ProcessName:python3.8(471109)     Description:[XML_GetNodeAccessMode]PropertyName[DepthToRgbEnable], Ret[0x80000100]
Error   2026-01-22 16:29:47:374  DevID:MV-EB435i(00DA6451333)  Source-Line:libMvCameraControl.so(GenICamImpl.cpp-L0900)  ProcessName:python3.8(471109)     Description:[XML_GetNodeAccessMode]PropertyName[IFCalibTimeMsHigh], Ret[0x80000100]
Info    2026-01-22 16:29:47:374  DevID:MV-EB435i(00DA6451333)  Source-Line:libMvCameraControl.so(U3VDevice.cpp-L1332)  ProcessName:python3.8(471109)     Description:[SetSyncTimeOut]Set SyncTimeOut success! Mills[10000]
Error   2026-01-22 16:29:47:378  DevID:MV-EB435i(00DA6451333)  Source-Line:libMvCameraControl.so(XmlParse.cpp-L2595)  ProcessName:python3.8(471109)     Description:[SetEnumValue]Get Node Value, Node does not exist, NodeName[RGBDAlignCoord]
Error   2026-01-22 16:29:47:378  DevID:MV-EB435i(00DA6451333)  Source-Line:libMvCameraControl.so(GenICamImpl.cpp-L0323)  ProcessName:python3.8(471109)     Description:[SetEnumValue]Property[RGBDAlignCoord], Value[1], Ret[0x80000100]
Error   2026-01-22 16:29:51:294  DevID:MV-EB435i(00DA6451333)  Source-Line:libMvCameraControl.so(GenICamImpl.cpp-L0900)  ProcessName:python3.8(471109)     Description:[XML_GetNodeAccessMode]PropertyName[RGBDAlignCoord], Ret[0x80000100]
Error   2026-01-22 16:29:51:294  DevID:MV-EB435i(00DA6451333)  Source-Line:libMvCameraControl.so(GenICamImpl.cpp-L0900)  ProcessName:python3.8(471109)     Description:[XML_GetNodeAccessMode]PropertyName[RGBDAlignCoord], Ret[0x80000100]
Error   2026-01-22 16:29:51:295  DevID:MV-EB435i(00DA6451333)  Source-Line:libMvCameraControl.so(GenICamImpl.cpp-L0900)  ProcessName:python3.8(471109)     Description:[XML_GetNodeAccessMode]PropertyName[SDKInfoURL], Ret[0x80000100]
Info    2026-01-22 16:29:51:374  DevID:MV-EB435i(00DA6451333)  Source-Line:libMvCameraControl.so(GenICamImpl.cpp-L0843)  ProcessName:python3.8(471109)     Description:[FileAccessEx]File Access success!DevFileName[RGBDSensorCali], Mode[1]
Error   2026-01-22 16:29:51:386  DevID:MV-EB435i(00DA6451333)  Source-Line:libMvCameraControl.so(GenICamImpl.cpp-L0900)  ProcessName:python3.8(471109)     Description:[XML_GetNodeAccessMode]PropertyName[NoiseFilterEnable], Ret[0x80000100]
Error   2026-01-22 16:29:51:386  DevID:MV-EB435i(00DA6451333)  Source-Line:libMvCameraControl.so(GenICamImpl.cpp-L0900)  ProcessName:python3.8(471109)     Description:[XML_GetNodeAccessMode]PropertyName[NormalFilterEnable], Ret[0x80000100]
Error   2026-01-22 16:29:51:386  DevID:MV-EB435i(00DA6451333)  Source-Line:libMvCameraControl.so(GenICamImpl.cpp-L0900)  ProcessName:python3.8(471109)     Description:[XML_GetNodeAccessMode]PropertyName[ExtenEnable], Ret[0x80000100]
Error   2026-01-22 16:29:51:386  DevID:MV-EB435i(00DA6451333)  Source-Line:libMvCameraControl.so(GenICamImpl.cpp-L0900)  ProcessName:python3.8(471109)     Description:[XML_GetNodeAccessMode]PropertyName[GapFillEnable], Ret[0x80000100]
Error   2026-01-22 16:29:51:386  DevID:MV-EB435i(00DA6451333)  Source-Line:libMvCameraControl.so(GenICamImpl.cpp-L0900)  ProcessName:python3.8(471109)     Description:[XML_GetNodeAccessMode]PropertyName[RangeFilterEnable], Ret[0x80000100]
Error   2026-01-22 16:29:51:386  DevID:MV-EB435i(00DA6451333)  Source-Line:libMvCameraControl.so(GenICamImpl.cpp-L0900)  ProcessName:python3.8(471109)     Description:[XML_GetNodeAccessMode]PropertyName[HeightExtractEnable], Ret[0x80000100]
Error   2026-01-22 16:29:51:386  DevID:MV-EB435i(00DA6451333)  Source-Line:libMvCameraControl.so(GenICamImpl.cpp-L0900)  ProcessName:python3.8(471109)     Description:[XML_GetNodeAccessMode]PropertyName[RangeTransformEnable], Ret[0x80000100]
Error   2026-01-22 16:29:51:398  DevID:MV-EB435i(00DA6451333)  Source-Line:libMvCameraControl.so(GenICamImpl.cpp-L0900)  ProcessName:python3.8(471109)     Description:[XML_GetNodeAccessMode]PropertyName[PartialImageOutputMode], Ret[0x80000100]
Error   2026-01-22 16:29:51:398  DevID:MV-EB435i(00DA6451333)  Source-Line:libMvCameraControl.so(XmlParse.cpp-L2388)  ProcessName:python3.8(471109)     Description:[GetEnumValue]Get Node Value, Node does not exist, NodeName[PartialImageOutputMode]
Error   2026-01-22 16:29:51:398  DevID:MV-EB435i(00DA6451333)  Source-Line:libMvCameraControl.so(GenICamImpl.cpp-L0297)  ProcessName:python3.8(471109)     Description:[GetEnumValue]Property[PartialImageOutputMode], Ret[0x80000100]
Info    2026-01-22 16:29:51:398  DevID:MV-EB435i(00DA6451333)  Source-Line:libMvCameraControl.so(U3VStream.cpp-L0047)  ProcessName:python3.8(471109)     Description:[StartGrabbing][U3V]Start Grabbing, DeviceUptime[32]
Info    2026-01-22 16:29:51:464  DevID:MV-EB435i(00DA6451333)  Source-Line:libMvCameraControl.so(StreamGrab.cpp-L0437)  ProcessName:python3.8(471109)     Description:[StartGrabbing]Start grabbing success, There is no registration callback.
Error   2026-01-22 16:29:51:468  DevID:MV-EB435i(00DA6451333)  Source-Line:libMvCameraControl.so(GenICamImpl.cpp-L0900)  ProcessName:python3.8(471109)     Description:[XML_GetNodeAccessMode]PropertyName[RGBDAlignCoord], Ret[0x80000100]
Error   2026-01-22 16:29:51:469  DevID:MV-EB435i(00DA6451333)  Source-Line:libMvCameraControl.so(GenICamImpl.cpp-L0900)  ProcessName:python3.8(471109)     Description:[XML_GetNodeAccessMode]PropertyName[RGBDAlignCoord], Ret[0x80000100]
Info    2026-01-22 16:51:06:668  DevID:MV-EB435i(00DA6451333)  Source-Line:libMvCameraControl.so(StreamGrab.cpp-L0517)  ProcessName:python3.8(471109)     Description:[StopGrabbing]Stop grabbing success! DeviceUptime[1307]
Info    2026-01-22 16:51:06:669  DevID:MV-EB435i(00DA6451333)  Source-Line:libMvCameraControl.so(U3VDevice.cpp-L0756)  ProcessName:python3.8(471109)     Description:[CloseU3VDevice]Close device begin!
Info    2026-01-22 16:51:06:669  DevID:MV-EB435i(00DA6451333)  Source-Line:libMvCameraControl.so(U3VDevice.cpp-L0769)  ProcessName:python3.8(471109)     Description:[CloseU3VDevice]DeviceUptime[1307]
Info    2026-01-22 16:51:06:671  DevID:MV-EB435i(00DA6451333)  Source-Line:libMvCameraControl.so(U3VDevice.cpp-L0787)  ProcessName:python3.8(471109)     Description:[CloseU3VDevice]Close device success!
Info    2026-01-22 16:53:01:955  DevID:MV-EB435i(00DA6451333)  Source-Line:libMvCameraControl.so(U3VDevice.cpp-L0116)  ProcessName:python3.8(475667)     Description:[Init][U3V Info]Speed[0x310], DeviceAddress[0], VendorName[Hikrobot], ManufacturerInfo[Hikrobot], DeviceVersion[V1.2.0 250305 1498805], UserID[MV-EB435i
]
Info    2026-01-22 16:53:01:955  DevID:MV-EB435i(00DA6451333)  Source-Line:libMvCameraControl.so(MediaProcess.cpp-L0882)  ProcessName:python3.8(475667)     Description:[SetBayerCvtQuality]Set Bayer CvtQuality success! BayerCvtQuality[1]
Info    2026-01-22 16:53:01:955  DevID:MV-EB435i(00DA6451333)  Source-Line:libMvCameraControl.so(MediaProcess.cpp-L1734)  ProcessName:python3.8(475667)     Description:[SetBayerThreadNum]Set Bayer Thread Num success! BayerThreadNum[2]
Info    2026-01-22 16:53:01:955  DevID:MV-EB435i(00DA6451333)  Source-Line:libMvCameraControl.so(MediaProcess.cpp-L0882)  ProcessName:python3.8(475667)     Description:[SetBayerCvtQuality]Set Bayer CvtQuality success! BayerCvtQuality[1]
Info    2026-01-22 16:53:01:955  DevID:MV-EB435i(00DA6451333)  Source-Line:libMvCameraControl.so(MediaProcess.cpp-L1734)  ProcessName:python3.8(475667)     Description:[SetBayerThreadNum]Set Bayer Thread Num success! BayerThreadNum[2]
Info    2026-01-22 16:53:01:955  DevID:MV-EB435i(00DA6451333)  Source-Line:libMvCameraControl.so(U3VDevice.cpp-L0667)  ProcessName:python3.8(475667)     Description:[IsValidVersion]CamCtrl[0x4050003], U3V SDKVersion[0x4050003], DriverVersion[0x0]
Info    2026-01-22 16:53:02:237  DevID:MV-EB435i(00DA6451333)  Source-Line:libMvCameraControl.so(U3VDevice.cpp-L0636)  ProcessName:python3.8(475667)     Description:[GetGenICamXML]Get XML success!
Info    2026-01-22 16:53:02:237  DevID:MV-EB435i(00DA6451333)  Source-Line:libMvCameraControl.so(U3VDevice.cpp-L0873)  ProcessName:python3.8(475667)     Description:[OpenDevice]Get GenICamXML len [0xce331] Type[1]
Info    2026-01-22 16:53:02:363  DevID:MV-EB435i(00DA6451333)  Source-Line:libMvCameraControl.so(U3VDevice.cpp-L1091)  ProcessName:python3.8(475667)     Description:[SetTransferSize]Set Transfer Size success! TransferSize[1048576]
Info    2026-01-22 16:53:02:363  DevID:MV-EB435i(00DA6451333)  Source-Line:libMvCameraControl.so(U3VDevice.cpp-L1147)  ProcessName:python3.8(475667)     Description:[SetStreamPayloadTimeout]Set StreamPayload Timeout success! StreamPayloadTimeout[50]
Info    2026-01-22 16:53:02:363  DevID:MV-EB435i(00DA6451333)  Source-Line:libMvCameraControl.so(U3VDevice.cpp-L1175)  ProcessName:python3.8(475667)     Description:[SetSIControlRegTimeout]Set nSIControlReg Timeout success! nSIControlRegTimeout[30]
Info    2026-01-22 16:53:02:363  DevID:MV-EB435i(00DA6451333)  Source-Line:libMvCameraControl.so(U3VDevice.cpp-L1203)  ProcessName:python3.8(475667)     Description:[SetSyncTimeout]Set sync Timeout success! nSyncTimeout[1000]
Info    2026-01-22 16:53:02:365  DevID:MV-EB435i(00DA6451333)  Source-Line:libMvCameraControl.so(GenICamImpl.cpp-L0679)  ProcessName:python3.8(475667)     Description:[InvalidateNodes]Invalidate Nodes success
Info    2026-01-22 16:53:02:365  DevID:MV-EB435i(00DA6451333)  Source-Line:libMvCameraControl.so(U3VDevice.cpp-L0913)  ProcessName:python3.8(475667)     Description:[OpenDevice]Invalidate Nodes success
Info    2026-01-22 16:53:02:366  DevID:MV-EB435i(00DA6451333)  Source-Line:libMvCameraControl.so(U3VDevice.cpp-L0925)  ProcessName:python3.8(475667)     Description:[OpenDevice]Open device success! PrivilegeMode[1], SwitchoverKey[0], DeviceUptime[1423],DeviceFirmwareVersion[V1.2.0 250305,0]
Info    2026-01-22 16:53:02:366  DevID:MV-EB435i(00DA6451333)  Source-Line:libMvCameraControl.so(MediaProcess.cpp-L0882)  ProcessName:python3.8(475667)     Description:[SetBayerCvtQuality]Set Bayer CvtQuality success! BayerCvtQuality[1]
Info    2026-01-22 16:53:02:366  DevID:MV-EB435i(00DA6451333)  Source-Line:libMvCameraControl.so(MediaProcess.cpp-L1734)  ProcessName:python3.8(475667)     Description:[SetBayerThreadNum]Set Bayer Thread Num success! BayerThreadNum[2]
Info    2026-01-22 16:53:02:366  DevID:MV-EB435i(00DA6451333)  Source-Line:libMvCameraControl.so(U3VDevice.cpp-L0938)  ProcessName:python3.8(475667)     Description:[OpenDevice]OpenDevice, cost time 411.000000ms 
Info    2026-01-22 16:53:02:366  DevID:  Source-Line:libMvCameraControl.so(GenICamImpl.cpp-L2091)  ProcessName:python3.8(475667)     Description:[RecordThread]RecordThread Start, ThreadId[738195200]
Info    2026-01-22 16:53:02:366  DevID:MV-EB435i(00DA6451333)  Source-Line:libMvCameraControl.so(StreamGrab.cpp-L1010)  ProcessName:python3.8(475667)     Description:[SetImageNodeNum]Set ImageNode Num success! NodeNum[5]
Info    2026-01-22 16:53:02:371  DevID:MV-EB435i(00DA6451333)  Source-Line:libMvCameraControl.so(GenICamImpl.cpp-L2253)  ProcessName:python3.8(475667)     Description:[RecordThreadProc][Record] Get PixelFormat value [17825976] :
Info    2026-01-22 16:53:02:372  DevID:MV-EB435i(00DA6451333)  Source-Line:libMvCameraControl.so(GenICamImpl.cpp-L2302)  ProcessName:python3.8(475667)     Description:[RecordThreadProc][Record] Get UserSetCurrent value [1]
Info    2026-01-22 16:53:02:373  DevID:MV-EB435i(00DA6451333)  Source-Line:libMvCameraControl.so(GenICamImpl.cpp-L2318)  ProcessName:python3.8(475667)     Description:[RecordThreadProc][Record] Get UserSetSelector value [1] 
Info    2026-01-22 16:53:02:374  DevID:MV-EB435i(00DA6451333)  Source-Line:libMvCameraControl.so(GenICamImpl.cpp-L2334)  ProcessName:python3.8(475667)     Description:[RecordThreadProc][Record] Get UserSetDefault value[1]
Info    2026-01-22 16:53:02:374  DevID:  Source-Line:libMvCameraControl.so(GenICamImpl.cpp-L2096)  ProcessName:python3.8(475667)     Description:[RecordThread]RecordThread End, ThreadId[738195200]
Error   2026-01-22 16:53:02:385  DevID:MV-EB435i(00DA6451333)  Source-Line:libMvCameraControl.so(GenICamImpl.cpp-L0926)  ProcessName:python3.8(475667)     Description:[XML_GetNodeInterfaceType]PropertyName[DeviceRGBCorrectionEnable], Ret[0x80000100]
Error   2026-01-22 16:53:02:385  DevID:MV-EB435i(00DA6451333)  Source-Line:libMvCameraControl.so(GenICamImpl.cpp-L0900)  ProcessName:python3.8(475667)     Description:[XML_GetNodeAccessMode]PropertyName[DepthRectifyEnable], Ret[0x80000100]
Error   2026-01-22 16:53:02:385  DevID:MV-EB435i(00DA6451333)  Source-Line:libMvCameraControl.so(GenICamImpl.cpp-L0900)  ProcessName:python3.8(475667)     Description:[XML_GetNodeAccessMode]PropertyName[DepthToRgbEnable], Ret[0x80000100]
Error   2026-01-22 16:53:02:385  DevID:MV-EB435i(00DA6451333)  Source-Line:libMvCameraControl.so(GenICamImpl.cpp-L0900)  ProcessName:python3.8(475667)     Description:[XML_GetNodeAccessMode]PropertyName[IFCalibTimeMsHigh], Ret[0x80000100]
Info    2026-01-22 16:53:02:385  DevID:MV-EB435i(00DA6451333)  Source-Line:libMvCameraControl.so(U3VDevice.cpp-L1332)  ProcessName:python3.8(475667)     Description:[SetSyncTimeOut]Set SyncTimeOut success! Mills[10000]
Error   2026-01-22 16:53:02:390  DevID:MV-EB435i(00DA6451333)  Source-Line:libMvCameraControl.so(XmlParse.cpp-L2595)  ProcessName:python3.8(475667)     Description:[SetEnumValue]Get Node Value, Node does not exist, NodeName[RGBDAlignCoord]
Error   2026-01-22 16:53:02:390  DevID:MV-EB435i(00DA6451333)  Source-Line:libMvCameraControl.so(GenICamImpl.cpp-L0323)  ProcessName:python3.8(475667)     Description:[SetEnumValue]Property[RGBDAlignCoord], Value[1], Ret[0x80000100]
Error   2026-01-22 16:53:02:415  DevID:MV-EB435i(00DA6451333)  Source-Line:libMvCameraControl.so(GenICamImpl.cpp-L0900)  ProcessName:python3.8(475667)     Description:[XML_GetNodeAccessMode]PropertyName[RGBDAlignCoord], Ret[0x80000100]
Error   2026-01-22 16:53:02:415  DevID:MV-EB435i(00DA6451333)  Source-Line:libMvCameraControl.so(GenICamImpl.cpp-L0900)  ProcessName:python3.8(475667)     Description:[XML_GetNodeAccessMode]PropertyName[RGBDAlignCoord], Ret[0x80000100]
Error   2026-01-22 16:53:02:415  DevID:MV-EB435i(00DA6451333)  Source-Line:libMvCameraControl.so(GenICamImpl.cpp-L0900)  ProcessName:python3.8(475667)     Description:[XML_GetNodeAccessMode]PropertyName[SDKInfoURL], Ret[0x80000100]
Info    2026-01-22 16:53:02:492  DevID:MV-EB435i(00DA6451333)  Source-Line:libMvCameraControl.so(GenICamImpl.cpp-L0843)  ProcessName:python3.8(475667)     Description:[FileAccessEx]File Access success!DevFileName[RGBDSensorCali], Mode[1]
Error   2026-01-22 16:53:02:529  DevID:MV-EB435i(00DA6451333)  Source-Line:libMvCameraControl.so(GenICamImpl.cpp-L0900)  ProcessName:python3.8(475667)     Description:[XML_GetNodeAccessMode]PropertyName[NoiseFilterEnable], Ret[0x80000100]
Error   2026-01-22 16:53:02:529  DevID:MV-EB435i(00DA6451333)  Source-Line:libMvCameraControl.so(GenICamImpl.cpp-L0900)  ProcessName:python3.8(475667)     Description:[XML_GetNodeAccessMode]PropertyName[NormalFilterEnable], Ret[0x80000100]
Error   2026-01-22 16:53:02:529  DevID:MV-EB435i(00DA6451333)  Source-Line:libMvCameraControl.so(GenICamImpl.cpp-L0900)  ProcessName:python3.8(475667)     Description:[XML_GetNodeAccessMode]PropertyName[ExtenEnable], Ret[0x80000100]
Error   2026-01-22 16:53:02:529  DevID:MV-EB435i(00DA6451333)  Source-Line:libMvCameraControl.so(GenICamImpl.cpp-L0900)  ProcessName:python3.8(475667)     Description:[XML_GetNodeAccessMode]PropertyName[GapFillEnable], Ret[0x80000100]
Error   2026-01-22 16:53:02:529  DevID:MV-EB435i(00DA6451333)  Source-Line:libMvCameraControl.so(GenICamImpl.cpp-L0900)  ProcessName:python3.8(475667)     Description:[XML_GetNodeAccessMode]PropertyName[RangeFilterEnable], Ret[0x80000100]
Error   2026-01-22 16:53:02:529  DevID:MV-EB435i(00DA6451333)  Source-Line:libMvCameraControl.so(GenICamImpl.cpp-L0900)  ProcessName:python3.8(475667)     Description:[XML_GetNodeAccessMode]PropertyName[HeightExtractEnable], Ret[0x80000100]
Error   2026-01-22 16:53:02:529  DevID:MV-EB435i(00DA6451333)  Source-Line:libMvCameraControl.so(GenICamImpl.cpp-L0900)  ProcessName:python3.8(475667)     Description:[XML_GetNodeAccessMode]PropertyName[RangeTransformEnable], Ret[0x80000100]
Error   2026-01-22 16:53:02:539  DevID:MV-EB435i(00DA6451333)  Source-Line:libMvCameraControl.so(GenICamImpl.cpp-L0900)  ProcessName:python3.8(475667)     Description:[XML_GetNodeAccessMode]PropertyName[PartialImageOutputMode], Ret[0x80000100]
Error   2026-01-22 16:53:02:539  DevID:MV-EB435i(00DA6451333)  Source-Line:libMvCameraControl.so(XmlParse.cpp-L2388)  ProcessName:python3.8(475667)     Description:[GetEnumValue]Get Node Value, Node does not exist, NodeName[PartialImageOutputMode]
Error   2026-01-22 16:53:02:539  DevID:MV-EB435i(00DA6451333)  Source-Line:libMvCameraControl.so(GenICamImpl.cpp-L0297)  ProcessName:python3.8(475667)     Description:[GetEnumValue]Property[PartialImageOutputMode], Ret[0x80000100]
Info    2026-01-22 16:53:02:539  DevID:MV-EB435i(00DA6451333)  Source-Line:libMvCameraControl.so(U3VStream.cpp-L0047)  ProcessName:python3.8(475667)     Description:[StartGrabbing][U3V]Start Grabbing, DeviceUptime[1423]
Info    2026-01-22 16:53:02:602  DevID:MV-EB435i(00DA6451333)  Source-Line:libMvCameraControl.so(StreamGrab.cpp-L0437)  ProcessName:python3.8(475667)     Description:[StartGrabbing]Start grabbing success, There is no registration callback.
Error   2026-01-22 16:53:02:607  DevID:MV-EB435i(00DA6451333)  Source-Line:libMvCameraControl.so(GenICamImpl.cpp-L0900)  ProcessName:python3.8(475667)     Description:[XML_GetNodeAccessMode]PropertyName[RGBDAlignCoord], Ret[0x80000100]
Error   2026-01-22 16:53:02:607  DevID:MV-EB435i(00DA6451333)  Source-Line:libMvCameraControl.so(GenICamImpl.cpp-L0900)  ProcessName:python3.8(475667)     Description:[XML_GetNodeAccessMode]PropertyName[RGBDAlignCoord], Ret[0x80000100]
Info    2026-01-22 18:04:17:834  DevID:MV-EB435i(00DA6451333)  Source-Line:libMvCameraControl.so(StreamGrab.cpp-L0517)  ProcessName:python3.8(475667)     Description:[StopGrabbing]Stop grabbing success! DeviceUptime[5698]
Info    2026-01-22 18:04:17:834  DevID:MV-EB435i(00DA6451333)  Source-Line:libMvCameraControl.so(U3VDevice.cpp-L0756)  ProcessName:python3.8(475667)     Description:[CloseU3VDevice]Close device begin!
Info    2026-01-22 18:04:17:834  DevID:MV-EB435i(00DA6451333)  Source-Line:libMvCameraControl.so(U3VDevice.cpp-L0769)  ProcessName:python3.8(475667)     Description:[CloseU3VDevice]DeviceUptime[5698]
Info    2026-01-22 18:04:17:836  DevID:MV-EB435i(00DA6451333)  Source-Line:libMvCameraControl.so(U3VDevice.cpp-L0787)  ProcessName:python3.8(475667)     Description:[CloseU3VDevice]Close device success!
Info    2026-01-22 18:04:20:407  DevID:MV-EB435i(00DA6451333)  Source-Line:libMvCameraControl.so(U3VDevice.cpp-L0116)  ProcessName:python3.8(491877)     Description:[Init][U3V Info]Speed[0x310], DeviceAddress[0], VendorName[Hikrobot], ManufacturerInfo[Hikrobot], DeviceVersion[V1.2.0 250305 1498805], UserID[MV-EB435i
]
Info    2026-01-22 18:04:20:407  DevID:MV-EB435i(00DA6451333)  Source-Line:libMvCameraControl.so(MediaProcess.cpp-L0882)  ProcessName:python3.8(491877)     Description:[SetBayerCvtQuality]Set Bayer CvtQuality success! BayerCvtQuality[1]
Info    2026-01-22 18:04:20:407  DevID:MV-EB435i(00DA6451333)  Source-Line:libMvCameraControl.so(MediaProcess.cpp-L1734)  ProcessName:python3.8(491877)     Description:[SetBayerThreadNum]Set Bayer Thread Num success! BayerThreadNum[2]
Info    2026-01-22 18:04:20:407  DevID:MV-EB435i(00DA6451333)  Source-Line:libMvCameraControl.so(MediaProcess.cpp-L0882)  ProcessName:python3.8(491877)     Description:[SetBayerCvtQuality]Set Bayer CvtQuality success! BayerCvtQuality[1]
Info    2026-01-22 18:04:20:407  DevID:MV-EB435i(00DA6451333)  Source-Line:libMvCameraControl.so(MediaProcess.cpp-L1734)  ProcessName:python3.8(491877)     Description:[SetBayerThreadNum]Set Bayer Thread Num success! BayerThreadNum[2]
Info    2026-01-22 18:04:20:407  DevID:MV-EB435i(00DA6451333)  Source-Line:libMvCameraControl.so(U3VDevice.cpp-L0667)  ProcessName:python3.8(491877)     Description:[IsValidVersion]CamCtrl[0x4050003], U3V SDKVersion[0x4050003], DriverVersion[0x0]
Info    2026-01-22 18:04:20:687  DevID:MV-EB435i(00DA6451333)  Source-Line:libMvCameraControl.so(U3VDevice.cpp-L0636)  ProcessName:python3.8(491877)     Description:[GetGenICamXML]Get XML success!
Info    2026-01-22 18:04:20:687  DevID:MV-EB435i(00DA6451333)  Source-Line:libMvCameraControl.so(U3VDevice.cpp-L0873)  ProcessName:python3.8(491877)     Description:[OpenDevice]Get GenICamXML len [0xce331] Type[1]
Info    2026-01-22 18:04:20:812  DevID:MV-EB435i(00DA6451333)  Source-Line:libMvCameraControl.so(U3VDevice.cpp-L1091)  ProcessName:python3.8(491877)     Description:[SetTransferSize]Set Transfer Size success! TransferSize[1048576]
Info    2026-01-22 18:04:20:812  DevID:MV-EB435i(00DA6451333)  Source-Line:libMvCameraControl.so(U3VDevice.cpp-L1147)  ProcessName:python3.8(491877)     Description:[SetStreamPayloadTimeout]Set StreamPayload Timeout success! StreamPayloadTimeout[50]
Info    2026-01-22 18:04:20:812  DevID:MV-EB435i(00DA6451333)  Source-Line:libMvCameraControl.so(U3VDevice.cpp-L1175)  ProcessName:python3.8(491877)     Description:[SetSIControlRegTimeout]Set nSIControlReg Timeout success! nSIControlRegTimeout[30]
Info    2026-01-22 18:04:20:812  DevID:MV-EB435i(00DA6451333)  Source-Line:libMvCameraControl.so(U3VDevice.cpp-L1203)  ProcessName:python3.8(491877)     Description:[SetSyncTimeout]Set sync Timeout success! nSyncTimeout[1000]
Info    2026-01-22 18:04:20:815  DevID:MV-EB435i(00DA6451333)  Source-Line:libMvCameraControl.so(GenICamImpl.cpp-L0679)  ProcessName:python3.8(491877)     Description:[InvalidateNodes]Invalidate Nodes success
Info    2026-01-22 18:04:20:815  DevID:MV-EB435i(00DA6451333)  Source-Line:libMvCameraControl.so(U3VDevice.cpp-L0913)  ProcessName:python3.8(491877)     Description:[OpenDevice]Invalidate Nodes success
Info    2026-01-22 18:04:20:816  DevID:MV-EB435i(00DA6451333)  Source-Line:libMvCameraControl.so(U3VDevice.cpp-L0925)  ProcessName:python3.8(491877)     Description:[OpenDevice]Open device success! PrivilegeMode[1], SwitchoverKey[0], DeviceUptime[5701],DeviceFirmwareVersion[V1.2.0 250305,0]
Info    2026-01-22 18:04:20:816  DevID:MV-EB435i(00DA6451333)  Source-Line:libMvCameraControl.so(MediaProcess.cpp-L0882)  ProcessName:python3.8(491877)     Description:[SetBayerCvtQuality]Set Bayer CvtQuality success! BayerCvtQuality[1]
Info    2026-01-22 18:04:20:816  DevID:MV-EB435i(00DA6451333)  Source-Line:libMvCameraControl.so(MediaProcess.cpp-L1734)  ProcessName:python3.8(491877)     Description:[SetBayerThreadNum]Set Bayer Thread Num success! BayerThreadNum[2]
Info    2026-01-22 18:04:20:816  DevID:MV-EB435i(00DA6451333)  Source-Line:libMvCameraControl.so(U3VDevice.cpp-L0938)  ProcessName:python3.8(491877)     Description:[OpenDevice]OpenDevice, cost time 409.000000ms 
Info    2026-01-22 18:04:20:816  DevID:  Source-Line:libMvCameraControl.so(GenICamImpl.cpp-L2091)  ProcessName:python3.8(491877)     Description:[RecordThread]RecordThread Start, ThreadId[1657784064]
Info    2026-01-22 18:04:20:816  DevID:MV-EB435i(00DA6451333)  Source-Line:libMvCameraControl.so(StreamGrab.cpp-L1010)  ProcessName:python3.8(491877)     Description:[SetImageNodeNum]Set ImageNode Num success! NodeNum[5]
Info    2026-01-22 18:04:20:820  DevID:MV-EB435i(00DA6451333)  Source-Line:libMvCameraControl.so(GenICamImpl.cpp-L2253)  ProcessName:python3.8(491877)     Description:[RecordThreadProc][Record] Get PixelFormat value [17825976] :
Info    2026-01-22 18:04:20:827  DevID:MV-EB435i(00DA6451333)  Source-Line:libMvCameraControl.so(GenICamImpl.cpp-L2302)  ProcessName:python3.8(491877)     Description:[RecordThreadProc][Record] Get UserSetCurrent value [1]
Info    2026-01-22 18:04:20:828  DevID:MV-EB435i(00DA6451333)  Source-Line:libMvCameraControl.so(GenICamImpl.cpp-L2318)  ProcessName:python3.8(491877)     Description:[RecordThreadProc][Record] Get UserSetSelector value [1] 
Error   2026-01-22 18:04:20:832  DevID:MV-EB435i(00DA6451333)  Source-Line:libMvCameraControl.so(GenICamImpl.cpp-L0926)  ProcessName:python3.8(491877)     Description:[XML_GetNodeInterfaceType]PropertyName[DeviceRGBCorrectionEnable], Ret[0x80000100]
Error   2026-01-22 18:04:20:832  DevID:MV-EB435i(00DA6451333)  Source-Line:libMvCameraControl.so(GenICamImpl.cpp-L0900)  ProcessName:python3.8(491877)     Description:[XML_GetNodeAccessMode]PropertyName[DepthRectifyEnable], Ret[0x80000100]
Error   2026-01-22 18:04:20:832  DevID:MV-EB435i(00DA6451333)  Source-Line:libMvCameraControl.so(GenICamImpl.cpp-L0900)  ProcessName:python3.8(491877)     Description:[XML_GetNodeAccessMode]PropertyName[DepthToRgbEnable], Ret[0x80000100]
Error   2026-01-22 18:04:20:832  DevID:MV-EB435i(00DA6451333)  Source-Line:libMvCameraControl.so(GenICamImpl.cpp-L0900)  ProcessName:python3.8(491877)     Description:[XML_GetNodeAccessMode]PropertyName[IFCalibTimeMsHigh], Ret[0x80000100]
Info    2026-01-22 18:04:20:832  DevID:MV-EB435i(00DA6451333)  Source-Line:libMvCameraControl.so(U3VDevice.cpp-L1332)  ProcessName:python3.8(491877)     Description:[SetSyncTimeOut]Set SyncTimeOut success! Mills[10000]
Info    2026-01-22 18:04:20:833  DevID:MV-EB435i(00DA6451333)  Source-Line:libMvCameraControl.so(GenICamImpl.cpp-L2334)  ProcessName:python3.8(491877)     Description:[RecordThreadProc][Record] Get UserSetDefault value[1]
Info    2026-01-22 18:04:20:833  DevID:  Source-Line:libMvCameraControl.so(GenICamImpl.cpp-L2096)  ProcessName:python3.8(491877)     Description:[RecordThread]RecordThread End, ThreadId[1657784064]
Error   2026-01-22 18:04:20:839  DevID:MV-EB435i(00DA6451333)  Source-Line:libMvCameraControl.so(XmlParse.cpp-L2595)  ProcessName:python3.8(491877)     Description:[SetEnumValue]Get Node Value, Node does not exist, NodeName[RGBDAlignCoord]
Error   2026-01-22 18:04:20:839  DevID:MV-EB435i(00DA6451333)  Source-Line:libMvCameraControl.so(GenICamImpl.cpp-L0323)  ProcessName:python3.8(491877)     Description:[SetEnumValue]Property[RGBDAlignCoord], Value[1], Ret[0x80000100]
Error   2026-01-22 18:04:20:862  DevID:MV-EB435i(00DA6451333)  Source-Line:libMvCameraControl.so(GenICamImpl.cpp-L0900)  ProcessName:python3.8(491877)     Description:[XML_GetNodeAccessMode]PropertyName[RGBDAlignCoord], Ret[0x80000100]
Error   2026-01-22 18:04:20:862  DevID:MV-EB435i(00DA6451333)  Source-Line:libMvCameraControl.so(GenICamImpl.cpp-L0900)  ProcessName:python3.8(491877)     Description:[XML_GetNodeAccessMode]PropertyName[RGBDAlignCoord], Ret[0x80000100]
Error   2026-01-22 18:04:20:862  DevID:MV-EB435i(00DA6451333)  Source-Line:libMvCameraControl.so(GenICamImpl.cpp-L0900)  ProcessName:python3.8(491877)     Description:[XML_GetNodeAccessMode]PropertyName[SDKInfoURL], Ret[0x80000100]
Info    2026-01-22 18:04:20:939  DevID:MV-EB435i(00DA6451333)  Source-Line:libMvCameraControl.so(GenICamImpl.cpp-L0843)  ProcessName:python3.8(491877)     Description:[FileAccessEx]File Access success!DevFileName[RGBDSensorCali], Mode[1]
Error   2026-01-22 18:04:20:963  DevID:MV-EB435i(00DA6451333)  Source-Line:libMvCameraControl.so(GenICamImpl.cpp-L0900)  ProcessName:python3.8(491877)     Description:[XML_GetNodeAccessMode]PropertyName[NoiseFilterEnable], Ret[0x80000100]
Error   2026-01-22 18:04:20:963  DevID:MV-EB435i(00DA6451333)  Source-Line:libMvCameraControl.so(GenICamImpl.cpp-L0900)  ProcessName:python3.8(491877)     Description:[XML_GetNodeAccessMode]PropertyName[NormalFilterEnable], Ret[0x80000100]
Error   2026-01-22 18:04:20:963  DevID:MV-EB435i(00DA6451333)  Source-Line:libMvCameraControl.so(GenICamImpl.cpp-L0900)  ProcessName:python3.8(491877)     Description:[XML_GetNodeAccessMode]PropertyName[ExtenEnable], Ret[0x80000100]
Error   2026-01-22 18:04:20:963  DevID:MV-EB435i(00DA6451333)  Source-Line:libMvCameraControl.so(GenICamImpl.cpp-L0900)  ProcessName:python3.8(491877)     Description:[XML_GetNodeAccessMode]PropertyName[GapFillEnable], Ret[0x80000100]
Error   2026-01-22 18:04:20:963  DevID:MV-EB435i(00DA6451333)  Source-Line:libMvCameraControl.so(GenICamImpl.cpp-L0900)  ProcessName:python3.8(491877)     Description:[XML_GetNodeAccessMode]PropertyName[RangeFilterEnable], Ret[0x80000100]
Error   2026-01-22 18:04:20:963  DevID:MV-EB435i(00DA6451333)  Source-Line:libMvCameraControl.so(GenICamImpl.cpp-L0900)  ProcessName:python3.8(491877)     Description:[XML_GetNodeAccessMode]PropertyName[HeightExtractEnable], Ret[0x80000100]
Error   2026-01-22 18:04:20:963  DevID:MV-EB435i(00DA6451333)  Source-Line:libMvCameraControl.so(GenICamImpl.cpp-L0900)  ProcessName:python3.8(491877)     Description:[XML_GetNodeAccessMode]PropertyName[RangeTransformEnable], Ret[0x80000100]
Error   2026-01-22 18:04:20:976  DevID:MV-EB435i(00DA6451333)  Source-Line:libMvCameraControl.so(GenICamImpl.cpp-L0900)  ProcessName:python3.8(491877)     Description:[XML_GetNodeAccessMode]PropertyName[PartialImageOutputMode], Ret[0x80000100]
Error   2026-01-22 18:04:20:976  DevID:MV-EB435i(00DA6451333)  Source-Line:libMvCameraControl.so(XmlParse.cpp-L2388)  ProcessName:python3.8(491877)     Description:[GetEnumValue]Get Node Value, Node does not exist, NodeName[PartialImageOutputMode]
Error   2026-01-22 18:04:20:976  DevID:MV-EB435i(00DA6451333)  Source-Line:libMvCameraControl.so(GenICamImpl.cpp-L0297)  ProcessName:python3.8(491877)     Description:[GetEnumValue]Property[PartialImageOutputMode], Ret[0x80000100]
Info    2026-01-22 18:04:20:976  DevID:MV-EB435i(00DA6451333)  Source-Line:libMvCameraControl.so(U3VStream.cpp-L0047)  ProcessName:python3.8(491877)     Description:[StartGrabbing][U3V]Start Grabbing, DeviceUptime[5701]
Info    2026-01-22 18:04:21:038  DevID:MV-EB435i(00DA6451333)  Source-Line:libMvCameraControl.so(StreamGrab.cpp-L0437)  ProcessName:python3.8(491877)     Description:[StartGrabbing]Start grabbing success, There is no registration callback.
Error   2026-01-22 18:04:21:040  DevID:MV-EB435i(00DA6451333)  Source-Line:libMvCameraControl.so(GenICamImpl.cpp-L0900)  ProcessName:python3.8(491877)     Description:[XML_GetNodeAccessMode]PropertyName[RGBDAlignCoord], Ret[0x80000100]
Error   2026-01-22 18:04:21:040  DevID:MV-EB435i(00DA6451333)  Source-Line:libMvCameraControl.so(GenICamImpl.cpp-L0900)  ProcessName:python3.8(491877)     Description:[XML_GetNodeAccessMode]PropertyName[RGBDAlignCoord], Ret[0x80000100]
Warning 2026-01-22 18:05:10:142  DevID:MV-EB435i(00DA6451333)  Source-Line:libMvCameraControl.so(StreamGrab.cpp-L0659)  ProcessName:python3.8(491877)     Description:[GetImageBuffer]Get image failed! Msec[1000], Ret[0x80000007]
Info    2026-01-22 18:05:10:752  DevID:MV-EB435i(00DA6451333)  Source-Line:libMvCameraControl.so(StreamGrab.cpp-L0517)  ProcessName:python3.8(491877)     Description:[StopGrabbing]Stop grabbing success! DeviceUptime[5751]
Info    2026-01-22 18:05:10:752  DevID:MV-EB435i(00DA6451333)  Source-Line:libMvCameraControl.so(U3VDevice.cpp-L0756)  ProcessName:python3.8(491877)     Description:[CloseU3VDevice]Close device begin!
Info    2026-01-22 18:05:10:753  DevID:MV-EB435i(00DA6451333)  Source-Line:libMvCameraControl.so(U3VDevice.cpp-L0769)  ProcessName:python3.8(491877)     Description:[CloseU3VDevice]DeviceUptime[5751]
Info    2026-01-22 18:05:10:755  DevID:MV-EB435i(00DA6451333)  Source-Line:libMvCameraControl.so(U3VDevice.cpp-L0787)  ProcessName:python3.8(491877)     Description:[CloseU3VDevice]Close device success!
