Info    2026-01-19 15:50:42:394  DevID:MV-EB435i(00DA6451333)  Source-Line:libMvUsb3vTL.so(Manager.cpp-L0149)  ProcessName:python3.8(61405)     Description:[Init]Current dynamic library path[/opt/MVS/lib/64/libMvUsb3vTL.so]
Info    2026-01-19 15:50:42:394  DevID:MV-EB435i(00DA6451333)  Source-Line:libMvUsb3vTL.so(Manager.cpp-L0151)  ProcessName:python3.8(61405)     Description:[Init]U3V_Version: 4.5.0.3, U3V_Description: BaseLine Build 20241126
Info    2026-01-19 15:50:42:399  DevID:MV-EB435i(00DA6451333)  Source-Line:libMvUsb3vTL.so(Manager.cpp-L0795)  ProcessName:python3.8(61405)     Description:[ConnectDevice][UpdateUsbDeviceType] Dev SerialNum:[00DA6451333], Type[0] (0-Stand; 1-MasterWithSlaver; 2-justMaster)
Info    2026-01-19 15:50:42:399  DevID:MV-EB435i(00DA6451333)  Source-Line:libMvUsb3vTL.so(DriverLayer.cpp-L1048)  ProcessName:python3.8(61405)     Description:[OpenDevice]device speed: [0x3]
Info    2026-01-19 15:50:42:881  DevID:MV-EB435i(00DA6451333)  Source-Line:libMvUsb3vTL.so(DeviceControl.cpp-L0035)  ProcessName:python3.8(61405)     Description:[HeartBeat]U3V HeartBeat Start, ThreadId[3556767488], CameraType[0]
Info    2026-01-19 15:50:42:896  DevID:MV-EB435i(00DA6451333)  Source-Line:libMvUsb3vTL.so(DriverLayer.cpp-L1527)  ProcessName:python3.8(61405)     Description:[RegisterHotPlugCallback]Register hotplug success
Info    2026-01-19 15:50:43:037  DevID:MV-EB435i(00DA6451333)  Source-Line:libMvUsb3vTL.so(DeviceControl.cpp-L1530)  ProcessName:python3.8(61405)     Description:[SetTransferSize]Set TransferSize:[1048576] success.
Info    2026-01-19 15:50:43:037  DevID:MV-EB435i(00DA6451333)  Source-Line:libMvUsb3vTL.so(StreamProcess.cpp-L3082)  ProcessName:python3.8(61405)     Description:[SetStreamPayloadTimeout]Set StreamPayload Timeout [50]ms
Info    2026-01-19 15:50:43:037  DevID:MV-EB435i(00DA6451333)  Source-Line:libMvUsb3vTL.so(DeviceControl.cpp-L2152)  ProcessName:python3.8(61405)     Description:[SetSIControlRegTimeout]Set SIControlReg Timeout:[30]  success.
Info    2026-01-19 15:50:43:041  DevID:MV-EB435i(00DA6451333)  Source-Line:libMvUsb3vTL.so(StreamExProcess.cpp-L1022)  ProcessName:python3.8(61405)     Description:[SetImageNodeNum]Set image node [5]
Info    2026-01-19 15:50:43:041  DevID:MV-EB435i(00DA6451333)  Source-Line:libMvUsb3vTL.so(StreamProcess.cpp-L1484)  ProcessName:python3.8(61405)     Description:[SetImageNodeNum][SetImageNodeNum] Set image node [5]
Info    2026-01-19 15:50:43:226  DevID:MV-EB435i(00DA6451333)  Source-Line:libMvUsb3vTL.so(Manager.cpp-L1169)  ProcessName:python3.8(61405)     Description:[StartAcquisition] Have no ExStreamPort
Info    2026-01-19 15:50:43:226  DevID:MV-EB435i(00DA6451333)  Source-Line:libMvUsb3vTL.so(StreamProcess.cpp-L1345)  ProcessName:python3.8(61405)     Description:[RecvThread]U3V StreamRecvThread Start, ThreadId[3117209344]  USBType[0]
Info    2026-01-19 15:50:43:229  DevID:MV-EB435i(00DA6451333)  Source-Line:libMvUsb3vTL.so(StreamProcess.cpp-L1938)  ProcessName:python3.8(61405)     Description:[RecvThreadProcess][RecvThreadProcess] UsbType[0] m_nStreamAsyncParamNum [8] begin running
Warning 2026-01-19 16:28:58:933  DevID:MV-EB435i(00DA6451333)  Source-Line:libMvUsb3vTL.so(StreamProcess.cpp-L2658)  ProcessName:python3.8(61405)     Description:[AddtoDataNode]Delete one Data Node, nCurFramenum = 30122 :Solution Input list is empty, Please confirm that there is a blocking operation when you grab frame
Warning 2026-01-19 16:28:59:008  DevID:MV-EB435i(00DA6451333)  Source-Line:libMvUsb3vTL.so(StreamProcess.cpp-L2658)  ProcessName:python3.8(61405)     Description:[AddtoDataNode]Delete one Data Node, nCurFramenum = 30123 :Solution Input list is empty, Please confirm that there is a blocking operation when you grab frame
Warning 2026-01-19 16:28:59:084  DevID:MV-EB435i(00DA6451333)  Source-Line:libMvUsb3vTL.so(StreamProcess.cpp-L2658)  ProcessName:python3.8(61405)     Description:[AddtoDataNode]Delete one Data Node, nCurFramenum = 30124 :Solution Input list is empty, Please confirm that there is a blocking operation when you grab frame
Info    2026-01-19 16:28:59:164  DevID:MV-EB435i(00DA6451333)  Source-Line:libMvUsb3vTL.so(StreamProcess.cpp-L1946)  ProcessName:python3.8(61405)     Description:[RecvThreadProcess]RecvThread process exit,UsbType[0]
Info    2026-01-19 16:28:59:164  DevID:MV-EB435i(00DA6451333)  Source-Line:libMvUsb3vTL.so(StreamProcess.cpp-L1364)  ProcessName:python3.8(61405)     Description:[RecvThread]U3V StreamRecvThread End, ThreadId[3117209344] USBType[0]
Info    2026-01-19 16:28:59:166  DevID:MV-EB435i(00DA6451333)  Source-Line:libMvUsb3vTL.so(StreamProcess.cpp-L1378)  ProcessName:python3.8(61405)     Description:[Stop]UsbType[0] Stop begin
Info    2026-01-19 16:28:59:168  DevID:MV-EB435i(00DA6451333)  Source-Line:libMvUsb3vTL.so(StreamProcess.cpp-L1456)  ProcessName:python3.8(61405)     Description:[Stop]UsbType[0] Stop Acquiration process end, GetFrameCount[30116], GetFrameCountSucceed[30116], ReceivedFrameCount[30124], AbnormalFrameCount[0]
Info    2026-01-19 16:28:59:171  DevID:MV-EB435i(00DA6451333)  Source-Line:libMvUsb3vTL.so(DriverLayer.cpp-L1566)  ProcessName:python3.8(61405)     Description:[DeregisterHotPlugCallback]Deregister hotplug success
Info    2026-01-19 16:28:59:171  DevID:MV-EB435i(00DA6451333)  Source-Line:libMvUsb3vTL.so(DeviceControl.cpp-L0037)  ProcessName:python3.8(61405)     Description:[HeartBeat]U3V HeartBeat End, ThreadId[3556767488], CameraType[0]
Info    2026-01-19 16:54:32:119  DevID:MV-EB435i(00DA6451333)  Source-Line:libMvUsb3vTL.so(Manager.cpp-L0149)  ProcessName:python3.8(72847)     Description:[Init]Current dynamic library path[/opt/MVS/lib/64/libMvUsb3vTL.so]
Info    2026-01-19 16:54:32:119  DevID:MV-EB435i(00DA6451333)  Source-Line:libMvUsb3vTL.so(Manager.cpp-L0151)  ProcessName:python3.8(72847)     Description:[Init]U3V_Version: 4.5.0.3, U3V_Description: BaseLine Build 20241126
Info    2026-01-19 16:54:32:124  DevID:MV-EB435i(00DA6451333)  Source-Line:libMvUsb3vTL.so(Manager.cpp-L0795)  ProcessName:python3.8(72847)     Description:[ConnectDevice][UpdateUsbDeviceType] Dev SerialNum:[00DA6451333], Type[0] (0-Stand; 1-MasterWithSlaver; 2-justMaster)
Info    2026-01-19 16:54:32:124  DevID:MV-EB435i(00DA6451333)  Source-Line:libMvUsb3vTL.so(DriverLayer.cpp-L1048)  ProcessName:python3.8(72847)     Description:[OpenDevice]device speed: [0x3]
Info    2026-01-19 16:54:32:601  DevID:MV-EB435i(00DA6451333)  Source-Line:libMvUsb3vTL.so(DeviceControl.cpp-L0035)  ProcessName:python3.8(72847)     Description:[HeartBeat]U3V HeartBeat Start, ThreadId[2407524096], CameraType[0]
Info    2026-01-19 16:54:32:604  DevID:MV-EB435i(00DA6451333)  Source-Line:libMvUsb3vTL.so(DriverLayer.cpp-L1527)  ProcessName:python3.8(72847)     Description:[RegisterHotPlugCallback]Register hotplug success
Info    2026-01-19 16:54:32:723  DevID:MV-EB435i(00DA6451333)  Source-Line:libMvUsb3vTL.so(DeviceControl.cpp-L1530)  ProcessName:python3.8(72847)     Description:[SetTransferSize]Set TransferSize:[1048576] success.
Info    2026-01-19 16:54:32:723  DevID:MV-EB435i(00DA6451333)  Source-Line:libMvUsb3vTL.so(StreamProcess.cpp-L3082)  ProcessName:python3.8(72847)     Description:[SetStreamPayloadTimeout]Set StreamPayload Timeout [50]ms
Info    2026-01-19 16:54:32:723  DevID:MV-EB435i(00DA6451333)  Source-Line:libMvUsb3vTL.so(DeviceControl.cpp-L2152)  ProcessName:python3.8(72847)     Description:[SetSIControlRegTimeout]Set SIControlReg Timeout:[30]  success.
Info    2026-01-19 16:54:32:727  DevID:MV-EB435i(00DA6451333)  Source-Line:libMvUsb3vTL.so(StreamExProcess.cpp-L1022)  ProcessName:python3.8(72847)     Description:[SetImageNodeNum]Set image node [5]
Info    2026-01-19 16:54:32:727  DevID:MV-EB435i(00DA6451333)  Source-Line:libMvUsb3vTL.so(StreamProcess.cpp-L1484)  ProcessName:python3.8(72847)     Description:[SetImageNodeNum][SetImageNodeNum] Set image node [5]
Info    2026-01-19 16:54:32:896  DevID:MV-EB435i(00DA6451333)  Source-Line:libMvUsb3vTL.so(Manager.cpp-L1169)  ProcessName:python3.8(72847)     Description:[StartAcquisition] Have no ExStreamPort
Info    2026-01-19 16:54:32:896  DevID:MV-EB435i(00DA6451333)  Source-Line:libMvUsb3vTL.so(StreamProcess.cpp-L1345)  ProcessName:python3.8(72847)     Description:[RecvThread]U3V StreamRecvThread Start, ThreadId[1905559296]  USBType[0]
Info    2026-01-19 16:54:32:898  DevID:MV-EB435i(00DA6451333)  Source-Line:libMvUsb3vTL.so(StreamProcess.cpp-L1938)  ProcessName:python3.8(72847)     Description:[RecvThreadProcess][RecvThreadProcess] UsbType[0] m_nStreamAsyncParamNum [8] begin running
Warning 2026-01-19 17:09:22:924  DevID:MV-EB435i(00DA6451333)  Source-Line:libMvUsb3vTL.so(StreamProcess.cpp-L2658)  ProcessName:python3.8(72847)     Description:[AddtoDataNode]Delete one Data Node, nCurFramenum = 11761 :Solution Input list is empty, Please confirm that there is a blocking operation when you grab frame
Warning 2026-01-19 17:09:22:999  DevID:MV-EB435i(00DA6451333)  Source-Line:libMvUsb3vTL.so(StreamProcess.cpp-L2658)  ProcessName:python3.8(72847)     Description:[AddtoDataNode]Delete one Data Node, nCurFramenum = 11762 :Solution Input list is empty, Please confirm that there is a blocking operation when you grab frame
Warning 2026-01-19 17:09:23:075  DevID:MV-EB435i(00DA6451333)  Source-Line:libMvUsb3vTL.so(StreamProcess.cpp-L2658)  ProcessName:python3.8(72847)     Description:[AddtoDataNode]Delete one Data Node, nCurFramenum = 11763 :Solution Input list is empty, Please confirm that there is a blocking operation when you grab frame
Info    2026-01-19 17:09:23:156  DevID:MV-EB435i(00DA6451333)  Source-Line:libMvUsb3vTL.so(StreamProcess.cpp-L1946)  ProcessName:python3.8(72847)     Description:[RecvThreadProcess]RecvThread process exit,UsbType[0]
Info    2026-01-19 17:09:23:156  DevID:MV-EB435i(00DA6451333)  Source-Line:libMvUsb3vTL.so(StreamProcess.cpp-L1364)  ProcessName:python3.8(72847)     Description:[RecvThread]U3V StreamRecvThread End, ThreadId[1905559296] USBType[0]
Info    2026-01-19 17:09:23:157  DevID:MV-EB435i(00DA6451333)  Source-Line:libMvUsb3vTL.so(StreamProcess.cpp-L1378)  ProcessName:python3.8(72847)     Description:[Stop]UsbType[0] Stop begin
Info    2026-01-19 17:09:23:159  DevID:MV-EB435i(00DA6451333)  Source-Line:libMvUsb3vTL.so(StreamProcess.cpp-L1456)  ProcessName:python3.8(72847)     Description:[Stop]UsbType[0] Stop Acquiration process end, GetFrameCount[11755], GetFrameCountSucceed[11755], ReceivedFrameCount[11763], AbnormalFrameCount[0]
Info    2026-01-19 17:09:23:162  DevID:MV-EB435i(00DA6451333)  Source-Line:libMvUsb3vTL.so(DriverLayer.cpp-L1566)  ProcessName:python3.8(72847)     Description:[DeregisterHotPlugCallback]Deregister hotplug success
Info    2026-01-19 17:09:23:162  DevID:MV-EB435i(00DA6451333)  Source-Line:libMvUsb3vTL.so(DeviceControl.cpp-L0037)  ProcessName:python3.8(72847)     Description:[HeartBeat]U3V HeartBeat End, ThreadId[2407524096], CameraType[0]
Info    2026-01-22 16:29:46:989  DevID:MV-EB435i(00DA6451333)  Source-Line:libMvUsb3vTL.so(Manager.cpp-L0149)  ProcessName:python3.8(471109)     Description:[Init]Current dynamic library path[/opt/MVS/lib/64/libMvUsb3vTL.so]
Info    2026-01-22 16:29:46:989  DevID:MV-EB435i(00DA6451333)  Source-Line:libMvUsb3vTL.so(Manager.cpp-L0151)  ProcessName:python3.8(471109)     Description:[Init]U3V_Version: 4.5.0.3, U3V_Description: BaseLine Build 20241126
Info    2026-01-22 16:29:46:992  DevID:MV-EB435i(00DA6451333)  Source-Line:libMvUsb3vTL.so(Manager.cpp-L0795)  ProcessName:python3.8(471109)     Description:[ConnectDevice][UpdateUsbDeviceType] Dev SerialNum:[00DA6451333], Type[0] (0-Stand; 1-MasterWithSlaver; 2-justMaster)
Info    2026-01-22 16:29:46:992  DevID:MV-EB435i(00DA6451333)  Source-Line:libMvUsb3vTL.so(DriverLayer.cpp-L1048)  ProcessName:python3.8(471109)     Description:[OpenDevice]device speed: [0x4]
Info    2026-01-22 16:29:47:191  DevID:MV-EB435i(00DA6451333)  Source-Line:libMvUsb3vTL.so(DeviceControl.cpp-L0035)  ProcessName:python3.8(471109)     Description:[HeartBeat]U3V HeartBeat Start, ThreadId[528475904], CameraType[0]
Info    2026-01-22 16:29:47:204  DevID:MV-EB435i(00DA6451333)  Source-Line:libMvUsb3vTL.so(DriverLayer.cpp-L1527)  ProcessName:python3.8(471109)     Description:[RegisterHotPlugCallback]Register hotplug success
Info    2026-01-22 16:29:47:349  DevID:MV-EB435i(00DA6451333)  Source-Line:libMvUsb3vTL.so(DeviceControl.cpp-L1530)  ProcessName:python3.8(471109)     Description:[SetTransferSize]Set TransferSize:[1048576] success.
Info    2026-01-22 16:29:47:349  DevID:MV-EB435i(00DA6451333)  Source-Line:libMvUsb3vTL.so(StreamProcess.cpp-L3082)  ProcessName:python3.8(471109)     Description:[SetStreamPayloadTimeout]Set StreamPayload Timeout [50]ms
Info    2026-01-22 16:29:47:349  DevID:MV-EB435i(00DA6451333)  Source-Line:libMvUsb3vTL.so(DeviceControl.cpp-L2152)  ProcessName:python3.8(471109)     Description:[SetSIControlRegTimeout]Set SIControlReg Timeout:[30]  success.
Info    2026-01-22 16:29:47:354  DevID:MV-EB435i(00DA6451333)  Source-Line:libMvUsb3vTL.so(StreamExProcess.cpp-L1022)  ProcessName:python3.8(471109)     Description:[SetImageNodeNum]Set image node [5]
Info    2026-01-22 16:29:47:354  DevID:MV-EB435i(00DA6451333)  Source-Line:libMvUsb3vTL.so(StreamProcess.cpp-L1484)  ProcessName:python3.8(471109)     Description:[SetImageNodeNum][SetImageNodeNum] Set image node [5]
Info    2026-01-22 16:29:51:404  DevID:MV-EB435i(00DA6451333)  Source-Line:libMvUsb3vTL.so(Manager.cpp-L1169)  ProcessName:python3.8(471109)     Description:[StartAcquisition] Have no ExStreamPort
Info    2026-01-22 16:29:51:405  DevID:MV-EB435i(00DA6451333)  Source-Line:libMvUsb3vTL.so(StreamProcess.cpp-L1345)  ProcessName:python3.8(471109)     Description:[RecvThread]U3V StreamRecvThread Start, ThreadId[4246988544]  USBType[0]
Info    2026-01-22 16:29:51:406  DevID:MV-EB435i(00DA6451333)  Source-Line:libMvUsb3vTL.so(StreamProcess.cpp-L1938)  ProcessName:python3.8(471109)     Description:[RecvThreadProcess][RecvThreadProcess] UsbType[0] m_nStreamAsyncParamNum [8] begin running
Warning 2026-01-22 16:51:06:304  DevID:MV-EB435i(00DA6451333)  Source-Line:libMvUsb3vTL.so(StreamProcess.cpp-L2658)  ProcessName:python3.8(471109)     Description:[AddtoDataNode]Delete one Data Node, nCurFramenum = 28606 :Solution Input list is empty, Please confirm that there is a blocking operation when you grab frame
Warning 2026-01-22 16:51:06:350  DevID:MV-EB435i(00DA6451333)  Source-Line:libMvUsb3vTL.so(StreamProcess.cpp-L2658)  ProcessName:python3.8(471109)     Description:[AddtoDataNode]Delete one Data Node, nCurFramenum = 28607 :Solution Input list is empty, Please confirm that there is a blocking operation when you grab frame
Warning 2026-01-22 16:51:06:394  DevID:MV-EB435i(00DA6451333)  Source-Line:libMvUsb3vTL.so(StreamProcess.cpp-L2658)  ProcessName:python3.8(471109)     Description:[AddtoDataNode]Delete one Data Node, nCurFramenum = 28608 :Solution Input list is empty, Please confirm that there is a blocking operation when you grab frame
Warning 2026-01-22 16:51:06:438  DevID:MV-EB435i(00DA6451333)  Source-Line:libMvUsb3vTL.so(StreamProcess.cpp-L2658)  ProcessName:python3.8(471109)     Description:[AddtoDataNode]Delete one Data Node, nCurFramenum = 28609 :Solution Input list is empty, Please confirm that there is a blocking operation when you grab frame
Warning 2026-01-22 16:51:06:483  DevID:MV-EB435i(00DA6451333)  Source-Line:libMvUsb3vTL.so(StreamProcess.cpp-L2658)  ProcessName:python3.8(471109)     Description:[AddtoDataNode]Delete one Data Node, nCurFramenum = 28610 :Solution Input list is empty, Please confirm that there is a blocking operation when you grab frame
Warning 2026-01-22 16:51:06:528  DevID:MV-EB435i(00DA6451333)  Source-Line:libMvUsb3vTL.so(StreamProcess.cpp-L2658)  ProcessName:python3.8(471109)     Description:[AddtoDataNode]Delete one Data Node, nCurFramenum = 28611 :Solution Input list is empty, Please confirm that there is a blocking operation when you grab frame
Warning 2026-01-22 16:51:06:573  DevID:MV-EB435i(00DA6451333)  Source-Line:libMvUsb3vTL.so(StreamProcess.cpp-L2658)  ProcessName:python3.8(471109)     Description:[AddtoDataNode]Delete one Data Node, nCurFramenum = 28612 :Solution Input list is empty, Please confirm that there is a blocking operation when you grab frame
Warning 2026-01-22 16:51:06:618  DevID:MV-EB435i(00DA6451333)  Source-Line:libMvUsb3vTL.so(StreamProcess.cpp-L2658)  ProcessName:python3.8(471109)     Description:[AddtoDataNode]Delete one Data Node, nCurFramenum = 28613 :Solution Input list is empty, Please confirm that there is a blocking operation when you grab frame
Info    2026-01-22 16:51:06:663  DevID:MV-EB435i(00DA6451333)  Source-Line:libMvUsb3vTL.so(StreamProcess.cpp-L1946)  ProcessName:python3.8(471109)     Description:[RecvThreadProcess]RecvThread process exit,UsbType[0]
Info    2026-01-22 16:51:06:664  DevID:MV-EB435i(00DA6451333)  Source-Line:libMvUsb3vTL.so(StreamProcess.cpp-L1364)  ProcessName:python3.8(471109)     Description:[RecvThread]U3V StreamRecvThread End, ThreadId[4246988544] USBType[0]
Info    2026-01-22 16:51:06:665  DevID:MV-EB435i(00DA6451333)  Source-Line:libMvUsb3vTL.so(StreamProcess.cpp-L1378)  ProcessName:python3.8(471109)     Description:[Stop]UsbType[0] Stop begin
Info    2026-01-22 16:51:06:668  DevID:MV-EB435i(00DA6451333)  Source-Line:libMvUsb3vTL.so(StreamProcess.cpp-L1456)  ProcessName:python3.8(471109)     Description:[Stop]UsbType[0] Stop Acquiration process end, GetFrameCount[28600], GetFrameCountSucceed[28600], ReceivedFrameCount[28613], AbnormalFrameCount[0]
Info    2026-01-22 16:51:06:671  DevID:MV-EB435i(00DA6451333)  Source-Line:libMvUsb3vTL.so(DriverLayer.cpp-L1566)  ProcessName:python3.8(471109)     Description:[DeregisterHotPlugCallback]Deregister hotplug success
Info    2026-01-22 16:51:06:671  DevID:MV-EB435i(00DA6451333)  Source-Line:libMvUsb3vTL.so(DeviceControl.cpp-L0037)  ProcessName:python3.8(471109)     Description:[HeartBeat]U3V HeartBeat End, ThreadId[528475904], CameraType[0]
Info    2026-01-22 16:53:01:998  DevID:MV-EB435i(00DA6451333)  Source-Line:libMvUsb3vTL.so(Manager.cpp-L0149)  ProcessName:python3.8(475667)     Description:[Init]Current dynamic library path[/opt/MVS/lib/64/libMvUsb3vTL.so]
Info    2026-01-22 16:53:01:998  DevID:MV-EB435i(00DA6451333)  Source-Line:libMvUsb3vTL.so(Manager.cpp-L0151)  ProcessName:python3.8(475667)     Description:[Init]U3V_Version: 4.5.0.3, U3V_Description: BaseLine Build 20241126
Info    2026-01-22 16:53:01:004  DevID:MV-EB435i(00DA6451333)  Source-Line:libMvUsb3vTL.so(Manager.cpp-L0795)  ProcessName:python3.8(475667)     Description:[ConnectDevice][UpdateUsbDeviceType] Dev SerialNum:[00DA6451333], Type[0] (0-Stand; 1-MasterWithSlaver; 2-justMaster)
Info    2026-01-22 16:53:01:004  DevID:MV-EB435i(00DA6451333)  Source-Line:libMvUsb3vTL.so(DriverLayer.cpp-L1048)  ProcessName:python3.8(475667)     Description:[OpenDevice]device speed: [0x4]
Info    2026-01-22 16:53:02:209  DevID:MV-EB435i(00DA6451333)  Source-Line:libMvUsb3vTL.so(DeviceControl.cpp-L0035)  ProcessName:python3.8(475667)     Description:[HeartBeat]U3V HeartBeat Start, ThreadId[978577152], CameraType[0]
Info    2026-01-22 16:53:02:222  DevID:MV-EB435i(00DA6451333)  Source-Line:libMvUsb3vTL.so(DriverLayer.cpp-L1527)  ProcessName:python3.8(475667)     Description:[RegisterHotPlugCallback]Register hotplug success
Info    2026-01-22 16:53:02:363  DevID:MV-EB435i(00DA6451333)  Source-Line:libMvUsb3vTL.so(DeviceControl.cpp-L1530)  ProcessName:python3.8(475667)     Description:[SetTransferSize]Set TransferSize:[1048576] success.
Info    2026-01-22 16:53:02:363  DevID:MV-EB435i(00DA6451333)  Source-Line:libMvUsb3vTL.so(StreamProcess.cpp-L3082)  ProcessName:python3.8(475667)     Description:[SetStreamPayloadTimeout]Set StreamPayload Timeout [50]ms
Info    2026-01-22 16:53:02:363  DevID:MV-EB435i(00DA6451333)  Source-Line:libMvUsb3vTL.so(DeviceControl.cpp-L2152)  ProcessName:python3.8(475667)     Description:[SetSIControlRegTimeout]Set SIControlReg Timeout:[30]  success.
Info    2026-01-22 16:53:02:366  DevID:MV-EB435i(00DA6451333)  Source-Line:libMvUsb3vTL.so(StreamExProcess.cpp-L1022)  ProcessName:python3.8(475667)     Description:[SetImageNodeNum]Set image node [5]
Info    2026-01-22 16:53:02:366  DevID:MV-EB435i(00DA6451333)  Source-Line:libMvUsb3vTL.so(StreamProcess.cpp-L1484)  ProcessName:python3.8(475667)     Description:[SetImageNodeNum][SetImageNodeNum] Set image node [5]
Info    2026-01-22 16:53:02:545  DevID:MV-EB435i(00DA6451333)  Source-Line:libMvUsb3vTL.so(Manager.cpp-L1169)  ProcessName:python3.8(475667)     Description:[StartAcquisition] Have no ExStreamPort
Info    2026-01-22 16:53:02:545  DevID:MV-EB435i(00DA6451333)  Source-Line:libMvUsb3vTL.so(StreamProcess.cpp-L1345)  ProcessName:python3.8(475667)     Description:[RecvThread]U3V StreamRecvThread Start, ThreadId[466069248]  USBType[0]
Info    2026-01-22 16:53:02:547  DevID:MV-EB435i(00DA6451333)  Source-Line:libMvUsb3vTL.so(StreamProcess.cpp-L1938)  ProcessName:python3.8(475667)     Description:[RecvThreadProcess][RecvThreadProcess] UsbType[0] m_nStreamAsyncParamNum [8] begin running
Warning 2026-01-22 17:52:53:224  DevID:MV-EB435i(00DA6451333)  Source-Line:libMvUsb3vTL.so(StreamProcess.cpp-L2658)  ProcessName:python3.8(475667)     Description:[AddtoDataNode]Delete one Data Node, nCurFramenum = 81608 :Solution Input list is empty, Please confirm that there is a blocking operation when you grab frame
Warning 2026-01-22 17:52:53:243  DevID:MV-EB435i(00DA6451333)  Source-Line:libMvUsb3vTL.so(StreamProcess.cpp-L1050)  ProcessName:python3.8(475667)     Description:[GetImageBuffer][GetImageBuffer]The frame number is not continuous, PreFrameNum[                                                           81603], CurFrameNum[                                                           81605]
Warning 2026-01-22 18:04:17:467  DevID:MV-EB435i(00DA6451333)  Source-Line:libMvUsb3vTL.so(StreamProcess.cpp-L2658)  ProcessName:python3.8(475667)     Description:[AddtoDataNode]Delete one Data Node, nCurFramenum = 97115 :Solution Input list is empty, Please confirm that there is a blocking operation when you grab frame
Warning 2026-01-22 18:04:17:511  DevID:MV-EB435i(00DA6451333)  Source-Line:libMvUsb3vTL.so(StreamProcess.cpp-L2658)  ProcessName:python3.8(475667)     Description:[AddtoDataNode]Delete one Data Node, nCurFramenum = 97116 :Solution Input list is empty, Please confirm that there is a blocking operation when you grab frame
Warning 2026-01-22 18:04:17:555  DevID:MV-EB435i(00DA6451333)  Source-Line:libMvUsb3vTL.so(StreamProcess.cpp-L2658)  ProcessName:python3.8(475667)     Description:[AddtoDataNode]Delete one Data Node, nCurFramenum = 97117 :Solution Input list is empty, Please confirm that there is a blocking operation when you grab frame
Warning 2026-01-22 18:04:17:600  DevID:MV-EB435i(00DA6451333)  Source-Line:libMvUsb3vTL.so(StreamProcess.cpp-L2658)  ProcessName:python3.8(475667)     Description:[AddtoDataNode]Delete one Data Node, nCurFramenum = 97118 :Solution Input list is empty, Please confirm that there is a blocking operation when you grab frame
Warning 2026-01-22 18:04:17:644  DevID:MV-EB435i(00DA6451333)  Source-Line:libMvUsb3vTL.so(StreamProcess.cpp-L2658)  ProcessName:python3.8(475667)     Description:[AddtoDataNode]Delete one Data Node, nCurFramenum = 97119 :Solution Input list is empty, Please confirm that there is a blocking operation when you grab frame
Warning 2026-01-22 18:04:17:688  DevID:MV-EB435i(00DA6451333)  Source-Line:libMvUsb3vTL.so(StreamProcess.cpp-L2658)  ProcessName:python3.8(475667)     Description:[AddtoDataNode]Delete one Data Node, nCurFramenum = 97120 :Solution Input list is empty, Please confirm that there is a blocking operation when you grab frame
Warning 2026-01-22 18:04:17:733  DevID:MV-EB435i(00DA6451333)  Source-Line:libMvUsb3vTL.so(StreamProcess.cpp-L2658)  ProcessName:python3.8(475667)     Description:[AddtoDataNode]Delete one Data Node, nCurFramenum = 97121 :Solution Input list is empty, Please confirm that there is a blocking operation when you grab frame
Warning 2026-01-22 18:04:17:777  DevID:MV-EB435i(00DA6451333)  Source-Line:libMvUsb3vTL.so(StreamProcess.cpp-L2658)  ProcessName:python3.8(475667)     Description:[AddtoDataNode]Delete one Data Node, nCurFramenum = 97122 :Solution Input list is empty, Please confirm that there is a blocking operation when you grab frame
Warning 2026-01-22 18:04:17:821  DevID:MV-EB435i(00DA6451333)  Source-Line:libMvUsb3vTL.so(StreamProcess.cpp-L2658)  ProcessName:python3.8(475667)     Description:[AddtoDataNode]Delete one Data Node, nCurFramenum = 97123 :Solution Input list is empty, Please confirm that there is a blocking operation when you grab frame
Info    2026-01-22 18:04:17:831  DevID:MV-EB435i(00DA6451333)  Source-Line:libMvUsb3vTL.so(StreamProcess.cpp-L1378)  ProcessName:python3.8(475667)     Description:[Stop]UsbType[0] Stop begin
Info    2026-01-22 18:04:17:832  DevID:MV-EB435i(00DA6451333)  Source-Line:libMvUsb3vTL.so(StreamProcess.cpp-L1946)  ProcessName:python3.8(475667)     Description:[RecvThreadProcess]RecvThread process exit,UsbType[0]
Info    2026-01-22 18:04:17:832  DevID:MV-EB435i(00DA6451333)  Source-Line:libMvUsb3vTL.so(StreamProcess.cpp-L1364)  ProcessName:python3.8(475667)     Description:[RecvThread]U3V StreamRecvThread End, ThreadId[466069248] USBType[0]
Info    2026-01-22 18:04:17:833  DevID:MV-EB435i(00DA6451333)  Source-Line:libMvUsb3vTL.so(StreamProcess.cpp-L1456)  ProcessName:python3.8(475667)     Description:[Stop]UsbType[0] Stop Acquiration process end, GetFrameCount[97108], GetFrameCountSucceed[97108], ReceivedFrameCount[97123], AbnormalFrameCount[0]
Info    2026-01-22 18:04:17:836  DevID:MV-EB435i(00DA6451333)  Source-Line:libMvUsb3vTL.so(DriverLayer.cpp-L1566)  ProcessName:python3.8(475667)     Description:[DeregisterHotPlugCallback]Deregister hotplug success
Info    2026-01-22 18:04:17:836  DevID:MV-EB435i(00DA6451333)  Source-Line:libMvUsb3vTL.so(DeviceControl.cpp-L0037)  ProcessName:python3.8(475667)     Description:[HeartBeat]U3V HeartBeat End, ThreadId[978577152], CameraType[0]
Info    2026-01-22 18:04:20:450  DevID:MV-EB435i(00DA6451333)  Source-Line:libMvUsb3vTL.so(Manager.cpp-L0149)  ProcessName:python3.8(491877)     Description:[Init]Current dynamic library path[/opt/MVS/lib/64/libMvUsb3vTL.so]
Info    2026-01-22 18:04:20:450  DevID:MV-EB435i(00DA6451333)  Source-Line:libMvUsb3vTL.so(Manager.cpp-L0151)  ProcessName:python3.8(491877)     Description:[Init]U3V_Version: 4.5.0.3, U3V_Description: BaseLine Build 20241126
Info    2026-01-22 18:04:20:456  DevID:MV-EB435i(00DA6451333)  Source-Line:libMvUsb3vTL.so(Manager.cpp-L0795)  ProcessName:python3.8(491877)     Description:[ConnectDevice][UpdateUsbDeviceType] Dev SerialNum:[00DA6451333], Type[0] (0-Stand; 1-MasterWithSlaver; 2-justMaster)
Info    2026-01-22 18:04:20:456  DevID:MV-EB435i(00DA6451333)  Source-Line:libMvUsb3vTL.so(DriverLayer.cpp-L1048)  ProcessName:python3.8(491877)     Description:[OpenDevice]device speed: [0x4]
Info    2026-01-22 18:04:20:657  DevID:MV-EB435i(00DA6451333)  Source-Line:libMvUsb3vTL.so(DeviceControl.cpp-L0035)  ProcessName:python3.8(491877)     Description:[HeartBeat]U3V HeartBeat Start, ThreadId[1905833728], CameraType[0]
Info    2026-01-22 18:04:20:670  DevID:MV-EB435i(00DA6451333)  Source-Line:libMvUsb3vTL.so(DriverLayer.cpp-L1527)  ProcessName:python3.8(491877)     Description:[RegisterHotPlugCallback]Register hotplug success
Info    2026-01-22 18:04:20:812  DevID:MV-EB435i(00DA6451333)  Source-Line:libMvUsb3vTL.so(DeviceControl.cpp-L1530)  ProcessName:python3.8(491877)     Description:[SetTransferSize]Set TransferSize:[1048576] success.
Info    2026-01-22 18:04:20:812  DevID:MV-EB435i(00DA6451333)  Source-Line:libMvUsb3vTL.so(StreamProcess.cpp-L3082)  ProcessName:python3.8(491877)     Description:[SetStreamPayloadTimeout]Set StreamPayload Timeout [50]ms
Info    2026-01-22 18:04:20:812  DevID:MV-EB435i(00DA6451333)  Source-Line:libMvUsb3vTL.so(DeviceControl.cpp-L2152)  ProcessName:python3.8(491877)     Description:[SetSIControlRegTimeout]Set SIControlReg Timeout:[30]  success.
Info    2026-01-22 18:04:20:816  DevID:MV-EB435i(00DA6451333)  Source-Line:libMvUsb3vTL.so(StreamExProcess.cpp-L1022)  ProcessName:python3.8(491877)     Description:[SetImageNodeNum]Set image node [5]
Info    2026-01-22 18:04:20:816  DevID:MV-EB435i(00DA6451333)  Source-Line:libMvUsb3vTL.so(StreamProcess.cpp-L1484)  ProcessName:python3.8(491877)     Description:[SetImageNodeNum][SetImageNodeNum] Set image node [5]
Info    2026-01-22 18:04:20:982  DevID:MV-EB435i(00DA6451333)  Source-Line:libMvUsb3vTL.so(Manager.cpp-L1169)  ProcessName:python3.8(491877)     Description:[StartAcquisition] Have no ExStreamPort
Info    2026-01-22 18:04:20:982  DevID:MV-EB435i(00DA6451333)  Source-Line:libMvUsb3vTL.so(StreamProcess.cpp-L1345)  ProcessName:python3.8(491877)     Description:[RecvThread]U3V StreamRecvThread Start, ThreadId[1320032000]  USBType[0]
Info    2026-01-22 18:04:20:984  DevID:MV-EB435i(00DA6451333)  Source-Line:libMvUsb3vTL.so(StreamProcess.cpp-L1938)  ProcessName:python3.8(491877)     Description:[RecvThreadProcess][RecvThreadProcess] UsbType[0] m_nStreamAsyncParamNum [8] begin running
Warning 2026-01-22 18:05:10:367  DevID:MV-EB435i(00DA6451333)  Source-Line:libMvUsb3vTL.so(StreamProcess.cpp-L2658)  ProcessName:python3.8(491877)     Description:[AddtoDataNode]Delete one Data Node, nCurFramenum = 1121 :Solution Input list is empty, Please confirm that there is a blocking operation when you grab frame
Warning 2026-01-22 18:05:10:411  DevID:MV-EB435i(00DA6451333)  Source-Line:libMvUsb3vTL.so(StreamProcess.cpp-L2658)  ProcessName:python3.8(491877)     Description:[AddtoDataNode]Delete one Data Node, nCurFramenum = 1122 :Solution Input list is empty, Please confirm that there is a blocking operation when you grab frame
Warning 2026-01-22 18:05:10:455  DevID:MV-EB435i(00DA6451333)  Source-Line:libMvUsb3vTL.so(StreamProcess.cpp-L2658)  ProcessName:python3.8(491877)     Description:[AddtoDataNode]Delete one Data Node, nCurFramenum = 1123 :Solution Input list is empty, Please confirm that there is a blocking operation when you grab frame
Warning 2026-01-22 18:05:10:499  DevID:MV-EB435i(00DA6451333)  Source-Line:libMvUsb3vTL.so(StreamProcess.cpp-L2658)  ProcessName:python3.8(491877)     Description:[AddtoDataNode]Delete one Data Node, nCurFramenum = 1124 :Solution Input list is empty, Please confirm that there is a blocking operation when you grab frame
Warning 2026-01-22 18:05:10:543  DevID:MV-EB435i(00DA6451333)  Source-Line:libMvUsb3vTL.so(StreamProcess.cpp-L2658)  ProcessName:python3.8(491877)     Description:[AddtoDataNode]Delete one Data Node, nCurFramenum = 1125 :Solution Input list is empty, Please confirm that there is a blocking operation when you grab frame
Warning 2026-01-22 18:05:10:587  DevID:MV-EB435i(00DA6451333)  Source-Line:libMvUsb3vTL.so(StreamProcess.cpp-L2658)  ProcessName:python3.8(491877)     Description:[AddtoDataNode]Delete one Data Node, nCurFramenum = 1126 :Solution Input list is empty, Please confirm that there is a blocking operation when you grab frame
Warning 2026-01-22 18:05:10:631  DevID:MV-EB435i(00DA6451333)  Source-Line:libMvUsb3vTL.so(StreamProcess.cpp-L2658)  ProcessName:python3.8(491877)     Description:[AddtoDataNode]Delete one Data Node, nCurFramenum = 1127 :Solution Input list is empty, Please confirm that there is a blocking operation when you grab frame
Warning 2026-01-22 18:05:10:675  DevID:MV-EB435i(00DA6451333)  Source-Line:libMvUsb3vTL.so(StreamProcess.cpp-L2658)  ProcessName:python3.8(491877)     Description:[AddtoDataNode]Delete one Data Node, nCurFramenum = 1128 :Solution Input list is empty, Please confirm that there is a blocking operation when you grab frame
Warning 2026-01-22 18:05:10:719  DevID:MV-EB435i(00DA6451333)  Source-Line:libMvUsb3vTL.so(StreamProcess.cpp-L2658)  ProcessName:python3.8(491877)     Description:[AddtoDataNode]Delete one Data Node, nCurFramenum = 1129 :Solution Input list is empty, Please confirm that there is a blocking operation when you grab frame
Info    2026-01-22 18:05:10:749  DevID:MV-EB435i(00DA6451333)  Source-Line:libMvUsb3vTL.so(StreamProcess.cpp-L1378)  ProcessName:python3.8(491877)     Description:[Stop]UsbType[0] Stop begin
Info    2026-01-22 18:05:10:751  DevID:MV-EB435i(00DA6451333)  Source-Line:libMvUsb3vTL.so(StreamProcess.cpp-L1946)  ProcessName:python3.8(491877)     Description:[RecvThreadProcess]RecvThread process exit,UsbType[0]
Info    2026-01-22 18:05:10:751  DevID:MV-EB435i(00DA6451333)  Source-Line:libMvUsb3vTL.so(StreamProcess.cpp-L1364)  ProcessName:python3.8(491877)     Description:[RecvThread]U3V StreamRecvThread End, ThreadId[1320032000] USBType[0]
Info    2026-01-22 18:05:10:752  DevID:MV-EB435i(00DA6451333)  Source-Line:libMvUsb3vTL.so(StreamProcess.cpp-L1456)  ProcessName:python3.8(491877)     Description:[Stop]UsbType[0] Stop Acquiration process end, GetFrameCount[1115], GetFrameCountSucceed[1115], ReceivedFrameCount[1129], AbnormalFrameCount[0]
Info    2026-01-22 18:05:10:755  DevID:MV-EB435i(00DA6451333)  Source-Line:libMvUsb3vTL.so(DriverLayer.cpp-L1566)  ProcessName:python3.8(491877)     Description:[DeregisterHotPlugCallback]Deregister hotplug success
Info    2026-01-22 18:05:10:755  DevID:MV-EB435i(00DA6451333)  Source-Line:libMvUsb3vTL.so(DeviceControl.cpp-L0037)  ProcessName:python3.8(491877)     Description:[HeartBeat]U3V HeartBeat End, ThreadId[1905833728], CameraType[0]
